Archive member included to satisfy reference by file (symbol)

/home/snorkman/LPCXpresso/borra/lpc_board_nxp_lpcxpresso_4337/Debug/liblpc_board_nxp_lpcxpresso_4337.a(board_sysinit.o)
                              ./example/src/sysinit.o (Board_SystemInit)
/home/snorkman/LPCXpresso/borra/lpc_chip_43xx/Debug/liblpc_chip_43xx.a(chip_18xx_43xx.o)
                              ./example/src/button_timer.o (SystemCoreClockUpdate)
/home/snorkman/LPCXpresso/borra/lpc_chip_43xx/Debug/liblpc_chip_43xx.a(clock_18xx_43xx.o)
                              /home/snorkman/LPCXpresso/borra/lpc_chip_43xx/Debug/liblpc_chip_43xx.a(chip_18xx_43xx.o) (Chip_Clock_GetClockInputHz)
/home/snorkman/LPCXpresso/borra/lpc_chip_43xx/Debug/liblpc_chip_43xx.a(fpu_init.o)
                              ./example/src/sysinit.o (fpuInit)
/home/snorkman/LPCXpresso/borra/lpc_chip_43xx/Debug/liblpc_chip_43xx.a(gpio_18xx_43xx.o)
                              ./example/src/button_timer.o (Chip_GPIO_Init)
/home/snorkman/LPCXpresso/borra/lpc_chip_43xx/Debug/liblpc_chip_43xx.a(sysinit_18xx_43xx.o)
                              /home/snorkman/LPCXpresso/borra/lpc_board_nxp_lpcxpresso_4337/Debug/liblpc_board_nxp_lpcxpresso_4337.a(board_sysinit.o) (Chip_SetupCoreClock)
/usr/local/lpcxpresso_8.2.2_650/lpcxpresso/tools/bin/../lib/gcc/arm-none-eabi/5.4.1/../../../../arm-none-eabi/lib/armv7e-m/softfp/libcr_nohost.a(_cr__main.o)
                              ./example/src/cr_startup_lpc43xx.o (__main)
/usr/local/lpcxpresso_8.2.2_650/lpcxpresso/tools/bin/../lib/gcc/arm-none-eabi/5.4.1/../../../../arm-none-eabi/lib/armv7e-m/softfp/libcr_c.a(memcpy.o)
                              ./freertos/src/queue.o (memcpy)
/usr/local/lpcxpresso_8.2.2_650/lpcxpresso/tools/bin/../lib/gcc/arm-none-eabi/5.4.1/../../../../arm-none-eabi/lib/armv7e-m/softfp/libcr_c.a(memset.o)
                              ./freertos/src/tasks.o (memset)
/usr/local/lpcxpresso_8.2.2_650/lpcxpresso/tools/bin/../lib/gcc/arm-none-eabi/5.4.1/../../../../arm-none-eabi/lib/armv7e-m/softfp/libcr_c.a(alloc.o)
                              ./freertos/src/heap_3.o (malloc)
/usr/local/lpcxpresso_8.2.2_650/lpcxpresso/tools/bin/../lib/gcc/arm-none-eabi/5.4.1/../../../../arm-none-eabi/lib/armv7e-m/softfp/libcr_c.a(initio.o)
                              /usr/local/lpcxpresso_8.2.2_650/lpcxpresso/tools/bin/../lib/gcc/arm-none-eabi/5.4.1/../../../../arm-none-eabi/lib/armv7e-m/softfp/libcr_nohost.a(_cr__main.o) (_initio)
/usr/local/lpcxpresso_8.2.2_650/lpcxpresso/tools/bin/../lib/gcc/arm-none-eabi/5.4.1/../../../../arm-none-eabi/lib/armv7e-m/softfp/libcr_c.a(setvbuf.o)
                              /usr/local/lpcxpresso_8.2.2_650/lpcxpresso/tools/bin/../lib/gcc/arm-none-eabi/5.4.1/../../../../arm-none-eabi/lib/armv7e-m/softfp/libcr_c.a(initio.o) (setvbuf)
/usr/local/lpcxpresso_8.2.2_650/lpcxpresso/tools/bin/../lib/gcc/arm-none-eabi/5.4.1/../../../../arm-none-eabi/lib/armv7e-m/softfp/libcr_c.a(stdio.o)
                              /usr/local/lpcxpresso_8.2.2_650/lpcxpresso/tools/bin/../lib/gcc/arm-none-eabi/5.4.1/../../../../arm-none-eabi/lib/armv7e-m/softfp/libcr_c.a(initio.o) (__Ciob)
/usr/local/lpcxpresso_8.2.2_650/lpcxpresso/tools/bin/../lib/gcc/arm-none-eabi/5.4.1/../../../../arm-none-eabi/lib/armv7e-m/softfp/libcr_c.a(__fillbuf.o)
                              /usr/local/lpcxpresso_8.2.2_650/lpcxpresso/tools/bin/../lib/gcc/arm-none-eabi/5.4.1/../../../../arm-none-eabi/lib/armv7e-m/softfp/libcr_c.a(stdio.o) (__filbuf)
/usr/local/lpcxpresso_8.2.2_650/lpcxpresso/tools/bin/../lib/gcc/arm-none-eabi/5.4.1/../../../../arm-none-eabi/lib/armv7e-m/softfp/libcr_c.a(__init_alloc.o)
                              /usr/local/lpcxpresso_8.2.2_650/lpcxpresso/tools/bin/../lib/gcc/arm-none-eabi/5.4.1/../../../../arm-none-eabi/lib/armv7e-m/softfp/libcr_c.a(alloc.o) (__heaps)
/usr/local/lpcxpresso_8.2.2_650/lpcxpresso/tools/bin/../lib/gcc/arm-none-eabi/5.4.1/../../../../arm-none-eabi/lib/armv7e-m/softfp/libcr_c.a(_cr_sbrk.o)
                              /usr/local/lpcxpresso_8.2.2_650/lpcxpresso/tools/bin/../lib/gcc/arm-none-eabi/5.4.1/../../../../arm-none-eabi/lib/armv7e-m/softfp/libcr_c.a(alloc.o) (_sbrk)
/usr/local/lpcxpresso_8.2.2_650/lpcxpresso/tools/bin/../lib/gcc/arm-none-eabi/5.4.1/../../../../arm-none-eabi/lib/armv7e-m/softfp/libcr_c.a(_deferredlazyseek.o)
                              /usr/local/lpcxpresso_8.2.2_650/lpcxpresso/tools/bin/../lib/gcc/arm-none-eabi/5.4.1/../../../../arm-none-eabi/lib/armv7e-m/softfp/libcr_c.a(__fillbuf.o) (_deferredlazyseek)
/usr/local/lpcxpresso_8.2.2_650/lpcxpresso/tools/bin/../lib/gcc/arm-none-eabi/5.4.1/../../../../arm-none-eabi/lib/armv7e-m/softfp/libcr_c.a(_fdopen.o)
                              /usr/local/lpcxpresso_8.2.2_650/lpcxpresso/tools/bin/../lib/gcc/arm-none-eabi/5.4.1/../../../../arm-none-eabi/lib/armv7e-m/softfp/libcr_c.a(initio.o) (_fdopen)
[...]
Memory Configuration

Name             Origin             Length             Attributes
MFlashA512       0x1a000000         0x00080000         xr
MFlashB512       0x1b000000         0x00080000         xr
RamLoc32         0x10000000         0x00008000         xrw
RamLoc40         0x10080000         0x0000a000         xrw
RamAHB32         0x20000000         0x00008000         xrw
RamAHB16         0x20008000         0x00004000         xrw
RamAHB_ETB16     0x2000c000         0x00004000         xrw
*default*        0x00000000         0xffffffff

Linker script and memory map

LOAD ./freertos/src/FreeRTOSCommonHooks.o
LOAD ./freertos/src/croutine.o
LOAD ./freertos/src/event_groups.o
LOAD ./freertos/src/heap_3.o
LOAD ./freertos/src/list.o
LOAD ./freertos/src/port.o
LOAD ./freertos/src/queue.o
LOAD ./freertos/src/redlib_memfix.o
LOAD ./freertos/src/tasks.o
LOAD ./freertos/src/timers.o
LOAD ./example/src/button_timer.o
LOAD ./example/src/cr_startup_lpc43xx.o
LOAD ./example/src/keys.o
LOAD ./example/src/sysinit.o
LOAD /home/snorkman/LPCXpresso/borra/lpc_board_nxp_lpcxpresso_4337/Debug/liblpc_board_nxp_lpcxpresso_4337.a
LOAD /home/snorkman/LPCXpresso/borra/lpc_chip_43xx/Debug/liblpc_chip_43xx.a
START GROUP
LOAD /usr/local/lpcxpresso_8.2.2_650/lpcxpresso/tools/bin/../lib/gcc/arm-none-eabi/5.4.1/../../../../arm-none-eabi/lib/armv7e-m/softfp/libcr_nohost.a
LOAD /usr/local/lpcxpresso_8.2.2_650/lpcxpresso/tools/bin/../lib/gcc/arm-none-eabi/5.4.1/../../../../arm-none-eabi/lib/armv7e-m/softfp/libcr_c.a
LOAD /usr/local/lpcxpresso_8.2.2_650/lpcxpresso/tools/bin/../lib/gcc/arm-none-eabi/5.4.1/armv7e-m/softfp/libcr_eabihelpers.a
END GROUP
                0x1a000000                __base_MFlashA512 = 0x1a000000
                0x1a000000                __base_Flash = 0x1a000000
                0x1a080000                __top_MFlashA512 = 0x1a080000
                0x1a080000                __top_Flash = 0x1a080000
                0x1b000000                __base_MFlashB512 = 0x1b000000
                0x1b000000                __base_Flash2 = 0x1b000000
                0x1b080000                __top_MFlashB512 = 0x1b080000
                0x1b080000                __top_Flash2 = 0x1b080000
                0x10000000                __base_RamLoc32 = 0x10000000
                0x10000000                __base_RAM = 0x10000000
                0x10008000                __top_RamLoc32 = 0x10008000
                0x10008000                __top_RAM = 0x10008000
                0x10080000                __base_RamLoc40 = 0x10080000
                0x10080000                __base_RAM2 = 0x10080000
                0x1008a000                __top_RamLoc40 = 0x1008a000
                0x1008a000                __top_RAM2 = 0x1008a000
                0x20000000                __base_RamAHB32 = 0x20000000
                0x20000000                __base_RAM3 = 0x20000000
                0x20008000                __top_RamAHB32 = 0x20008000
                0x20008000                __top_RAM3 = 0x20008000
                0x20008000                __base_RamAHB16 = 0x20008000
                0x20008000                __base_RAM4 = 0x20008000
                0x2000c000                __top_RamAHB16 = 0x2000c000
                0x2000c000                __top_RAM4 = 0x2000c000
                0x2000c000                __base_RamAHB_ETB16 = 0x2000c000
                0x2000c000                __base_RAM5 = 0x2000c000
                0x20010000                __top_RamAHB_ETB16 = 0x20010000
                0x20010000                __top_RAM5 = 0x20010000

.text_Flash2    0x1b000000        0x0
 FILL mask 0xff
 *(.text_Flash2*)
 *(.text_MFlashB512*)
 *(.text.$Flash2*)
 *(.text.$MFlashB512*)
 *(.rodata.$Flash2*)
 *(.rodata.$MFlashB512*)

.text           0x1a000000     0x41f0
 FILL mask 0xff
                0x1a000000                __vectors_start__ = ABSOLUTE (.)
 *(.isr_vector)
 .isr_vector    0x1a000000      0x114 ./example/src/cr_startup_lpc43xx.o
                0x1a000000                g_pfnVectors
                0x1a000114                . = ALIGN (0x4)
                0x1a000114                __section_table_start = .
                0x1a000114                __data_section_table = .
                0x1a000114        0x4 LONG 0x1a0041f0 LOADADDR (.data)
                0x1a000118        0x4 LONG 0x10000000 ADDR (.data)
                0x1a00011c        0x4 LONG 0x8 SIZEOF (.data)
                0x1a000120        0x4 LONG 0x1a0041f0 LOADADDR (.data_RAM2)
                0x1a000124        0x4 LONG 0x10080000 ADDR (.data_RAM2)
                0x1a000128        0x4 LONG 0x0 SIZEOF (.data_RAM2)
                0x1a00012c        0x4 LONG 0x1a0041f0 LOADADDR (.data_RAM3)
                0x1a000130        0x4 LONG 0x20000000 ADDR (.data_RAM3)
                0x1a000134        0x4 LONG 0x0 SIZEOF (.data_RAM3)
                0x1a000138        0x4 LONG 0x1a0041f0 LOADADDR (.data_RAM4)
                0x1a00013c        0x4 LONG 0x20008000 ADDR (.data_RAM4)
                0x1a000140        0x4 LONG 0x0 SIZEOF (.data_RAM4)
                0x1a000144        0x4 LONG 0x1a0041f0 LOADADDR (.data_RAM5)
                0x1a000148        0x4 LONG 0x2000c000 ADDR (.data_RAM5)
                0x1a00014c        0x4 LONG 0x0 SIZEOF (.data_RAM5)
                0x1a000150                __data_section_table_end = .
                0x1a000150                __bss_section_table = .
                0x1a000150        0x4 LONG 0x10000008 ADDR (.bss)
                0x1a000154        0x4 LONG 0x304 SIZEOF (.bss)
                0x1a000158        0x4 LONG 0x10080000 ADDR (.bss_RAM2)
                0x1a00015c        0x4 LONG 0x0 SIZEOF (.bss_RAM2)
                0x1a000160        0x4 LONG 0x20000000 ADDR (.bss_RAM3)
                0x1a000164        0x4 LONG 0x0 SIZEOF (.bss_RAM3)
                0x1a000168        0x4 LONG 0x20008000 ADDR (.bss_RAM4)
                0x1a00016c        0x4 LONG 0x0 SIZEOF (.bss_RAM4)
                0x1a000170        0x4 LONG 0x2000c000 ADDR (.bss_RAM5)
                0x1a000174        0x4 LONG 0x0 SIZEOF (.bss_RAM5)
                0x1a000178                __bss_section_table_end = .
                0x1a000178                __section_table_end = .
 *(.after_vectors*)
 .after_vectors
                0x1a000178       0xcc ./example/src/cr_startup_lpc43xx.o
                0x1a000178                data_init
                0x1a0001bc                bss_init
                0x1a0001f4                NMI_Handler
                0x1a0001fc                HardFault_Handler
                0x1a000204                MemManage_Handler
                0x1a00020c                BusFault_Handler
                0x1a000214                UsageFault_Handler
                0x1a000224                DebugMon_Handler
                0x1a00023c                TIMER2_IRQHandler
                0x1a00023c                RIT_IRQHandler
                0x1a00023c                ADCHS_IRQHandler
                0x1a00023c                FLASH_EEPROM_IRQHandler
                0x1a00023c                I2C0_IRQHandler
                0x1a00023c                SDIO_IRQHandler
                0x1a00023c                ATIMER_IRQHandler
                0x1a00023c                I2C1_IRQHandler
                0x1a00023c                UART1_IRQHandler
                0x1a00023c                CAN1_IRQHandler
                0x1a00023c                USB1_IRQHandler
                0x1a00023c                I2S0_IRQHandler
                0x1a00023c                TIMER3_IRQHandler
                0x1a00023c                UART0_IRQHandler
                0x1a00023c                SGPIO_IRQHandler
                0x1a00023c                ADC0_IRQHandler
                0x1a00023c                IntDefaultHandler
                0x1a00023c                SSP0_IRQHandler
                0x1a00023c                ADC1_IRQHandler
                0x1a00023c                RTC_IRQHandler
                0x1a00023c                TIMER0_IRQHandler
                0x1a00023c                SPI_IRQHandler
                0x1a00023c                LCD_IRQHandler
                0x1a00023c                TIMER1_IRQHandler
                0x1a00023c                UART2_IRQHandler
                0x1a00023c                I2S1_IRQHandler
                0x1a00023c                SSP1_IRQHandler
                0x1a00023c                USB0_IRQHandler
                0x1a00023c                SCT_IRQHandler
                0x1a00023c                WDT_IRQHandler
                0x1a00023c                SPIFI_IRQHandler
                0x1a00023c                QEI_IRQHandler
                0x1a00023c                ETH_IRQHandler
                0x1a00023c                CAN0_IRQHandler
                0x1a00023c                GINT0_IRQHandler
                0x1a00023c                DAC_IRQHandler
                0x1a00023c                M0SUB_IRQHandler
                0x1a00023c                DMA_IRQHandler
                0x1a00023c                EVRT_IRQHandler
                0x1a00023c                UART3_IRQHandler
                0x1a00023c                MCPWM_IRQHandler
                0x1a00023c                M0APP_IRQHandler
                0x1a00023c                GINT1_IRQHandler
 *(.text*)
 .text.vApplicationIdleHook
                0x1a000244       0x10 ./freertos/src/FreeRTOSCommonHooks.o
                0x1a000244                vApplicationIdleHook
 .text.pvPortMalloc
                0x1a000254       0x24 ./freertos/src/heap_3.o
                0x1a000254                pvPortMalloc
 .text.vPortFree
                0x1a000278       0x24 ./freertos/src/heap_3.o
                0x1a000278                vPortFree
 .text.vListInitialise
                0x1a00029c       0x40 ./freertos/src/list.o
                0x1a00029c                vListInitialise
 .text.vListInitialiseItem
                0x1a0002dc       0x1c ./freertos/src/list.o
                0x1a0002dc                vListInitialiseItem
 .text.vListInsertEnd
                0x1a0002f8       0x48 ./freertos/src/list.o
                0x1a0002f8                vListInsertEnd
 .text.vListInsert
                0x1a000340       0x74 ./freertos/src/list.o
                0x1a000340                vListInsert
 .text.uxListRemove
                0x1a0003b4       0x54 ./freertos/src/list.o
                0x1a0003b4                uxListRemove
 .text.pxPortInitialiseStack
                0x1a000408       0x64 ./freertos/src/port.o
                0x1a000408                pxPortInitialiseStack
 .text.prvTaskExitError
                0x1a00046c        0xc ./freertos/src/port.o
 .text.SVC_Handler
                0x1a000478       0x24 ./freertos/src/port.o
                0x1a000478                SVC_Handler
 .text.prvPortStartFirstTask
                0x1a00049c       0x20 ./freertos/src/port.o
 .text.xPortStartScheduler
                0x1a0004bc       0x50 ./freertos/src/port.o
                0x1a0004bc                xPortStartScheduler
 .text.vPortYield
                0x1a00050c       0x24 ./freertos/src/port.o
                0x1a00050c                vPortYield
 .text.vPortEnterCritical
                0x1a000530       0x24 ./freertos/src/port.o
                0x1a000530                vPortEnterCritical
 .text.vPortExitCritical
                0x1a000554       0x24 ./freertos/src/port.o
                0x1a000554                vPortExitCritical
 .text.ulPortSetInterruptMask
                0x1a000578       0x14 ./freertos/src/port.o
                0x1a000578                ulPortSetInterruptMask
 .text.vPortClearInterruptMask
                0x1a00058c        0x8 ./freertos/src/port.o
                0x1a00058c                vPortClearInterruptMask
 .text.PendSV_Handler
                0x1a000594       0x5c ./freertos/src/port.o
                0x1a000594                PendSV_Handler
 .text.SysTick_Handler
                0x1a0005f0       0x28 ./freertos/src/port.o
                0x1a0005f0                SysTick_Handler
 .text.vPortSuppressTicksAndSleep
                0x1a000618      0x17c ./freertos/src/port.o
                0x1a000618                vPortSuppressTicksAndSleep
 .text.vPortSetupTimerInterrupt
                0x1a000794       0x54 ./freertos/src/port.o
                0x1a000794                vPortSetupTimerInterrupt
 .text.vPortEnableVFP
                0x1a0007e8       0x14 ./freertos/src/port.o
 .text.xQueueGenericReset
                0x1a0007fc       0xa4 ./freertos/src/queue.o
                0x1a0007fc                xQueueGenericReset
 .text.xQueueGenericCreate
                0x1a0008a0       0x78 ./freertos/src/queue.o
                0x1a0008a0                xQueueGenericCreate
 .text.xQueueGenericSend
                0x1a000918      0x110 ./freertos/src/queue.o
                0x1a000918                xQueueGenericSend
 .text.xQueueGenericSendFromISR
                0x1a000a28       0x88 ./freertos/src/queue.o
                0x1a000a28                xQueueGenericSendFromISR
 .text.xQueueGenericReceive
                0x1a000ab0      0x16c ./freertos/src/queue.o
                0x1a000ab0                xQueueGenericReceive
 .text.prvCopyDataToQueue
                0x1a000c1c       0xd0 ./freertos/src/queue.o
 .text.prvCopyDataFromQueue
                0x1a000cec       0x4c ./freertos/src/queue.o
 .text.prvUnlockQueue
                0x1a000d38       0x98 ./freertos/src/queue.o
 .text.prvIsQueueEmpty
                0x1a000dd0       0x2c ./freertos/src/queue.o
 .text.prvIsQueueFull
                0x1a000dfc       0x30 ./freertos/src/queue.o
 .text.__check_heap_overflow
                0x1a000e2c       0x30 ./freertos/src/redlib_memfix.o
                0x1a000e2c                __check_heap_overflow
 .text.xTaskGenericCreate
                0x1a000e5c      0x140 ./freertos/src/tasks.o
                0x1a000e5c                xTaskGenericCreate
 .text.vTaskDelayUntil
                0x1a000f9c       0x98 ./freertos/src/tasks.o
                0x1a000f9c                vTaskDelayUntil
 .text.vTaskDelay
                0x1a001034       0x54 ./freertos/src/tasks.o
                0x1a001034                vTaskDelay
 .text.vTaskStartScheduler
                0x1a001088       0x58 ./freertos/src/tasks.o
                0x1a001088                vTaskStartScheduler
 .text.vTaskSuspendAll
                0x1a0010e0       0x1c ./freertos/src/tasks.o
                0x1a0010e0                vTaskSuspendAll
 .text.prvGetExpectedIdleTime
                0x1a0010fc       0x50 ./freertos/src/tasks.o
 .text.xTaskResumeAll
                0x1a00114c       0xfc ./freertos/src/tasks.o
                0x1a00114c                xTaskResumeAll
 .text.xTaskGetTickCount
                0x1a001248       0x24 ./freertos/src/tasks.o
                0x1a001248                xTaskGetTickCount
 .text.xTaskGetTickCountFromISR
                0x1a00126c       0x28 ./freertos/src/tasks.o
                0x1a00126c                xTaskGetTickCountFromISR
 .text.vTaskStepTick
                0x1a001294       0x24 ./freertos/src/tasks.o
                0x1a001294                vTaskStepTick
 .text.xTaskIncrementTick
                0x1a0012b8      0x140 ./freertos/src/tasks.o
                0x1a0012b8                xTaskIncrementTick
 .text.vTaskSwitchContext
                0x1a0013f8       0x9c ./freertos/src/tasks.o
                0x1a0013f8                vTaskSwitchContext
 .text.vTaskPlaceOnEventList
                0x1a001494       0x60 ./freertos/src/tasks.o
                0x1a001494                vTaskPlaceOnEventList
 .text.xTaskRemoveFromEventList
                0x1a0014f4       0xac ./freertos/src/tasks.o
                0x1a0014f4                xTaskRemoveFromEventList
 .text.vTaskSetTimeOutState
                0x1a0015a0       0x2c ./freertos/src/tasks.o
                0x1a0015a0                vTaskSetTimeOutState
 .text.xTaskCheckForTimeOut
                0x1a0015cc       0x88 ./freertos/src/tasks.o
                0x1a0015cc                xTaskCheckForTimeOut
 .text.vTaskMissedYield
                0x1a001654       0x18 ./freertos/src/tasks.o
                0x1a001654                vTaskMissedYield
 .text.prvIdleTask
                0x1a00166c       0x48 ./freertos/src/tasks.o
 .text.eTaskConfirmSleepModeStatus
                0x1a0016b4       0x5c ./freertos/src/tasks.o
                0x1a0016b4                eTaskConfirmSleepModeStatus
 .text.prvInitialiseTCBVariables
                0x1a001710       0x94 ./freertos/src/tasks.o
 .text.prvInitialiseTaskLists
                0x1a0017a4       0x80 ./freertos/src/tasks.o
 .text.prvCheckTasksWaitingTermination
                0x1a001824       0x78 ./freertos/src/tasks.o
 .text.prvAddCurrentTaskToDelayedList
                0x1a00189c       0x6c ./freertos/src/tasks.o
 .text.prvAllocateTCBAndStack
                0x1a001908       0x64 ./freertos/src/tasks.o
 .text.prvDeleteTCB
                0x1a00196c       0x20 ./freertos/src/tasks.o
 .text.prvResetNextTaskUnblockTime
                0x1a00198c       0x4c ./freertos/src/tasks.o
 .text.xTaskGetCurrentTaskHandle
                0x1a0019d8       0x20 ./freertos/src/tasks.o
                0x1a0019d8                xTaskGetCurrentTaskHandle
 .text.vTaskPriorityInherit
                0x1a0019f8       0xbc ./freertos/src/tasks.o
                0x1a0019f8                vTaskPriorityInherit
 .text.vTaskPriorityDisinherit
                0x1a001ab4       0x84 ./freertos/src/tasks.o
                0x1a001ab4                vTaskPriorityDisinherit
 .text.Chip_SCU_PinMuxSet
                0x1a001b38       0x34 ./example/src/button_timer.o
 .text.Chip_GPIO_SetPinState
                0x1a001b6c       0x38 ./example/src/button_timer.o
 .text.Chip_GPIO_SetPinDIROutput
                0x1a001ba4       0x40 ./example/src/button_timer.o
 .text.Chip_GPIO_SetPinDIRInput
                0x1a001be4       0x40 ./example/src/button_timer.o
 .text.prvSetupHardware
                0x1a001c24      0x128 ./example/src/button_timer.o
                0x1a001c24                prvSetupHardware
 .text.main     0x1a001d4c      0x120 ./example/src/button_timer.o
                0x1a001d4c                main
 .text.task_ledA
                0x1a001e6c       0x6c ./example/src/button_timer.o
                0x1a001e6c                task_ledA
 .text.task_ledB
                0x1a001ed8       0x6c ./example/src/button_timer.o
                0x1a001ed8                task_ledB
 .text.task_ledC
                0x1a001f44       0x6c ./example/src/button_timer.o
                0x1a001f44                task_ledC
 .text.task_ledD
                0x1a001fb0       0x6c ./example/src/button_timer.o
                0x1a001fb0                task_ledD
 .text.ResetISR
                0x1a00201c       0xc4 ./example/src/cr_startup_lpc43xx.o
                0x1a00201c                ResetISR
 .text.NVIC_EnableIRQ
                0x1a0020e0       0x34 ./example/src/keys.o
 .text.NVIC_SetPriority
                0x1a002114       0x54 ./example/src/keys.o
 .text.Chip_SCU_GPIOIntPinSel
                0x1a002168       0x74 ./example/src/keys.o
 .text.Chip_GPIO_GetPinState
                0x1a0021dc       0x38 ./example/src/keys.o
 .text.Chip_PININT_Init
                0x1a002214       0x14 ./example/src/keys.o
 .text.Chip_PININT_SetPinModeEdge
                0x1a002228       0x24 ./example/src/keys.o
 .text.Chip_PININT_EnableIntHigh
                0x1a00224c       0x1c ./example/src/keys.o
 .text.Chip_PININT_EnableIntLow
                0x1a002268       0x1c ./example/src/keys.o
 .text.Chip_PININT_GetRiseStates
                0x1a002284       0x18 ./example/src/keys.o
 .text.Chip_PININT_GetFallStates
                0x1a00229c       0x18 ./example/src/keys.o
 .text.Chip_PININT_ClearIntStatus
                0x1a0022b4       0x1c ./example/src/keys.o
 .text.get_diff
                0x1a0022d0       0x34 ./example/src/keys.o
                0x1a0022d0                get_diff
 .text.key_pressed
                0x1a002304       0x40 ./example/src/keys.o
                0x1a002304                key_pressed
 .text.keys_Init
                0x1a002344      0x1b4 ./example/src/keys.o
                0x1a002344                keys_Init
 .text.keys_Update_Isr
                0x1a0024f8      0x160 ./example/src/keys.o
                0x1a0024f8                keys_Update_Isr
 .text.buttonPressed
                0x1a002658       0x38 ./example/src/keys.o
 .text.buttonReleased
                0x1a002690       0x7c ./example/src/keys.o
 .text.keys_ButtonError
                0x1a00270c       0x30 ./example/src/keys.o
 .text.task_teclaA
                0x1a00273c       0x18 ./example/src/keys.o
                0x1a00273c                task_teclaA
 .text.task_teclaB
                0x1a002754       0x18 ./example/src/keys.o
                0x1a002754                task_teclaB
 .text.task_teclaC
                0x1a00276c       0x18 ./example/src/keys.o
                0x1a00276c                task_teclaC
 .text.task_teclaD
                0x1a002784       0x18 ./example/src/keys.o
                0x1a002784                task_teclaD
 .text.keys_isr_config
                0x1a00279c      0x184 ./example/src/keys.o
 .text.keys_isr_fall
                0x1a002920       0x34 ./example/src/keys.o
                0x1a002920                keys_isr_fall
 .text.keys_isr_rise
                0x1a002954       0x34 ./example/src/keys.o
                0x1a002954                keys_isr_rise
 .text.GPIO0_IRQHandler
                0x1a002988       0x58 ./example/src/keys.o
                0x1a002988                GPIO0_IRQHandler
 .text.GPIO1_IRQHandler
                0x1a0029e0       0x58 ./example/src/keys.o
                0x1a0029e0                GPIO1_IRQHandler
 .text.GPIO2_IRQHandler
                0x1a002a38       0x58 ./example/src/keys.o
                0x1a002a38                GPIO2_IRQHandler
 .text.GPIO3_IRQHandler
                0x1a002a90       0x58 ./example/src/keys.o
                0x1a002a90                GPIO3_IRQHandler
 .text.GPIO4_IRQHandler
                0x1a002ae8       0x58 ./example/src/keys.o
                0x1a002ae8                GPIO4_IRQHandler
 .text.GPIO5_IRQHandler
                0x1a002b40       0x58 ./example/src/keys.o
                0x1a002b40                GPIO5_IRQHandler
 .text.GPIO6_IRQHandler
                0x1a002b98       0x58 ./example/src/keys.o
                0x1a002b98                GPIO6_IRQHandler
 .text.GPIO7_IRQHandler
                0x1a002bf0       0x58 ./example/src/keys.o
                0x1a002bf0                GPIO7_IRQHandler
 .text.SystemInit
                0x1a002c48       0x28 ./example/src/sysinit.o
                0x1a002c48                SystemInit
 .text.Chip_SCU_PinMuxSet
                0x1a002c70       0x34 /home/snorkman/LPCXpresso/borra/lpc_board_nxp_lpcxpresso_4337/Debug/liblpc_board_nxp_lpcxpresso_4337.a(board_sysinit.o)
 .text.Chip_SCU_SetPinMuxing
                0x1a002ca4       0x4c /home/snorkman/LPCXpresso/borra/lpc_board_nxp_lpcxpresso_4337/Debug/liblpc_board_nxp_lpcxpresso_4337.a(board_sysinit.o)
 .text.Chip_CREG_SetFlashAcceleration
                0x1a002cf0       0x54 /home/snorkman/LPCXpresso/borra/lpc_board_nxp_lpcxpresso_4337/Debug/liblpc_board_nxp_lpcxpresso_4337.a(board_sysinit.o)
 .text.Board_SetupMuxing
                0x1a002d44       0x14 /home/snorkman/LPCXpresso/borra/lpc_board_nxp_lpcxpresso_4337/Debug/liblpc_board_nxp_lpcxpresso_4337.a(board_sysinit.o)
                0x1a002d44                Board_SetupMuxing
 .text.Board_SetupClocking
                0x1a002d58       0x80 /home/snorkman/LPCXpresso/borra/lpc_board_nxp_lpcxpresso_4337/Debug/liblpc_board_nxp_lpcxpresso_4337.a(board_sysinit.o)
                0x1a002d58                Board_SetupClocking
 .text.Board_SystemInit
                0x1a002dd8       0x10 /home/snorkman/LPCXpresso/borra/lpc_board_nxp_lpcxpresso_4337/Debug/liblpc_board_nxp_lpcxpresso_4337.a(board_sysinit.o)
                0x1a002dd8                Board_SystemInit
 .text.SystemCoreClockUpdate
                0x1a002de8       0x18 /home/snorkman/LPCXpresso/borra/lpc_chip_43xx/Debug/liblpc_chip_43xx.a(chip_18xx_43xx.o)
                0x1a002de8                SystemCoreClockUpdate
 .text.ABS      0x1a002e00       0x24 /home/snorkman/LPCXpresso/borra/lpc_chip_43xx/Debug/liblpc_chip_43xx.a(clock_18xx_43xx.o)
 .text.pll_calc_divs
                0x1a002e24      0x124 /home/snorkman/LPCXpresso/borra/lpc_chip_43xx/Debug/liblpc_chip_43xx.a(clock_18xx_43xx.o)
 .text.pll_get_frac
                0x1a002f48      0x178 /home/snorkman/LPCXpresso/borra/lpc_chip_43xx/Debug/liblpc_chip_43xx.a(clock_18xx_43xx.o)
 .text.Chip_Clock_GetDivRate
                0x1a0030c0       0x40 /home/snorkman/LPCXpresso/borra/lpc_chip_43xx/Debug/liblpc_chip_43xx.a(clock_18xx_43xx.o)
 .text.Chip_Clock_FindBaseClock
                0x1a003100       0x90 /home/snorkman/LPCXpresso/borra/lpc_chip_43xx/Debug/liblpc_chip_43xx.a(clock_18xx_43xx.o)
 .text.Chip_Clock_EnableCrystal
                0x1a003190       0x70 /home/snorkman/LPCXpresso/borra/lpc_chip_43xx/Debug/liblpc_chip_43xx.a(clock_18xx_43xx.o)
                0x1a003190                Chip_Clock_EnableCrystal
 .text.Chip_Clock_CalcMainPLLValue
                0x1a003200       0xd8 /home/snorkman/LPCXpresso/borra/lpc_chip_43xx/Debug/liblpc_chip_43xx.a(clock_18xx_43xx.o)
                0x1a003200                Chip_Clock_CalcMainPLLValue
 .text.Chip_Clock_GetMainPLLHz
                0x1a0032d8       0xc0 /home/snorkman/LPCXpresso/borra/lpc_chip_43xx/Debug/liblpc_chip_43xx.a(clock_18xx_43xx.o)
                0x1a0032d8                Chip_Clock_GetMainPLLHz
 .text.Chip_Clock_GetDividerSource
                0x1a003398       0x40 /home/snorkman/LPCXpresso/borra/lpc_chip_43xx/Debug/liblpc_chip_43xx.a(clock_18xx_43xx.o)
                0x1a003398                Chip_Clock_GetDividerSource
 .text.Chip_Clock_GetDividerDivisor
                0x1a0033d8       0x38 /home/snorkman/LPCXpresso/borra/lpc_chip_43xx/Debug/liblpc_chip_43xx.a(clock_18xx_43xx.o)
                0x1a0033d8                Chip_Clock_GetDividerDivisor
 .text.Chip_Clock_GetClockInputHz
                0x1a003410      0x140 /home/snorkman/LPCXpresso/borra/lpc_chip_43xx/Debug/liblpc_chip_43xx.a(clock_18xx_43xx.o)
                0x1a003410                Chip_Clock_GetClockInputHz
 .text.Chip_Clock_GetBaseClocktHz
                0x1a003550       0x24 /home/snorkman/LPCXpresso/borra/lpc_chip_43xx/Debug/liblpc_chip_43xx.a(clock_18xx_43xx.o)
                0x1a003550                Chip_Clock_GetBaseClocktHz
 .text.Chip_Clock_SetBaseClock
                0x1a003574       0x9c /home/snorkman/LPCXpresso/borra/lpc_chip_43xx/Debug/liblpc_chip_43xx.a(clock_18xx_43xx.o)
                0x1a003574                Chip_Clock_SetBaseClock
 .text.Chip_Clock_GetBaseClock
                0x1a003610       0x4c /home/snorkman/LPCXpresso/borra/lpc_chip_43xx/Debug/liblpc_chip_43xx.a(clock_18xx_43xx.o)
                0x1a003610                Chip_Clock_GetBaseClock
 .text.Chip_Clock_GetRate
                0x1a00365c       0x88 /home/snorkman/LPCXpresso/borra/lpc_chip_43xx/Debug/liblpc_chip_43xx.a(clock_18xx_43xx.o)
                0x1a00365c                Chip_Clock_GetRate
 .text.fpuInit  0x1a0036e4       0x74 /home/snorkman/LPCXpresso/borra/lpc_chip_43xx/Debug/liblpc_chip_43xx.a(fpu_init.o)
                0x1a0036e4                fpuInit
 .text.Chip_GPIO_Init
                0x1a003758       0x14 /home/snorkman/LPCXpresso/borra/lpc_chip_43xx/Debug/liblpc_chip_43xx.a(gpio_18xx_43xx.o)
                0x1a003758                Chip_GPIO_Init
 .text.Chip_Clock_DisableMainPLL
                0x1a00376c       0x20 /home/snorkman/LPCXpresso/borra/lpc_chip_43xx/Debug/liblpc_chip_43xx.a(sysinit_18xx_43xx.o)
 .text.Chip_Clock_SetupMainPLL
                0x1a00378c       0x44 /home/snorkman/LPCXpresso/borra/lpc_chip_43xx/Debug/liblpc_chip_43xx.a(sysinit_18xx_43xx.o)
 .text.Chip_Clock_MainPLLLocked
                0x1a0037d0       0x24 /home/snorkman/LPCXpresso/borra/lpc_chip_43xx/Debug/liblpc_chip_43xx.a(sysinit_18xx_43xx.o)
 .text.Chip_SetupCoreClock
                0x1a0037f4      0x15c /home/snorkman/LPCXpresso/borra/lpc_chip_43xx/Debug/liblpc_chip_43xx.a(sysinit_18xx_43xx.o)
                0x1a0037f4                Chip_SetupCoreClock
 .text.__main   0x1a003950       0x14 /usr/local/lpcxpresso_8.2.2_650/lpcxpresso/tools/bin/../lib/gcc/arm-none-eabi/5.4.1/../../../../arm-none-eabi/lib/armv7e-m/softfp/libcr_nohost.a(_cr__main.o)
                0x1a003950                __main
 .text.memcpy   0x1a003964        0x4 /usr/local/lpcxpresso_8.2.2_650/lpcxpresso/tools/bin/../lib/gcc/arm-none-eabi/5.4.1/../../../../arm-none-eabi/lib/armv7e-m/softfp/libcr_c.a(memcpy.o)
                0x1a003964                memcpy
 .text.memset   0x1a003968        0x4 /usr/local/lpcxpresso_8.2.2_650/lpcxpresso/tools/bin/../lib/gcc/arm-none-eabi/5.4.1/../../../../arm-none-eabi/lib/armv7e-m/softfp/libcr_c.a(memset.o)
                0x1a003968                memset
 .text.malloc   0x1a00396c       0xc8 /usr/local/lpcxpresso_8.2.2_650/lpcxpresso/tools/bin/../lib/gcc/arm-none-eabi/5.4.1/../../../../arm-none-eabi/lib/armv7e-m/softfp/libcr_c.a(alloc.o)
                0x1a00396c                malloc
 .text.free     0x1a003a34       0x30 /usr/local/lpcxpresso_8.2.2_650/lpcxpresso/tools/bin/../lib/gcc/arm-none-eabi/5.4.1/../../../../arm-none-eabi/lib/armv7e-m/softfp/libcr_c.a(alloc.o)
                0x1a003a34                free
 .text._Csys_alloc
                0x1a003a64       0x20 /usr/local/lpcxpresso_8.2.2_650/lpcxpresso/tools/bin/../lib/gcc/arm-none-eabi/5.4.1/../../../../arm-none-eabi/lib/armv7e-m/softfp/libcr_c.a(alloc.o)
                0x1a003a64                _Csys_alloc
 .text._initio  0x1a003a84       0xa4 /usr/local/lpcxpresso_8.2.2_650/lpcxpresso/tools/bin/../lib/gcc/arm-none-eabi/5.4.1/../../../../arm-none-eabi/lib/armv7e-m/softfp/libcr_c.a(initio.o)
                0x1a003a84                _initio
 .text.setvbuf  0x1a003b28       0x40 /usr/local/lpcxpresso_8.2.2_650/lpcxpresso/tools/bin/../lib/gcc/arm-none-eabi/5.4.1/../../../../arm-none-eabi/lib/armv7e-m/softfp/libcr_c.a(setvbuf.o)
                0x1a003b28                setvbuf
 .text._sbrk    0x1a003b68       0x40 /usr/local/lpcxpresso_8.2.2_650/lpcxpresso/tools/bin/../lib/gcc/arm-none-eabi/5.4.1/../../../../arm-none-eabi/lib/armv7e-m/softfp/libcr_c.a(_cr_sbrk.o)
                0x1a003b68                _sbrk
 .text._deferredlazyseek
                0x1a003ba8       0x44 /usr/local/lpcxpresso_8.2.2_650/lpcxpresso/tools/bin/../lib/gcc/arm-none-eabi/5.4.1/../../../../arm-none-eabi/lib/armv7e-m/softfp/libcr_c.a(_deferredlazyseek.o)
                0x1a003ba8                _deferredlazyseek
 .text._fdopen  0x1a003bec       0x6a /usr/local/lpcxpresso_8.2.2_650/lpcxpresso/tools/bin/../lib/gcc/arm-none-eabi/5.4.1/../../../../arm-none-eabi/lib/armv7e-m/softfp/libcr_c.a(_fdopen.o)
                0x1a003bec                _fdopen
 .text._fflush  0x1a003c56       0x58 /usr/local/lpcxpresso_8.2.2_650/lpcxpresso/tools/bin/../lib/gcc/arm-none-eabi/5.4.1/../../../../arm-none-eabi/lib/armv7e-m/softfp/libcr_c.a(_fflush.o)
                0x1a003c56                _fflush
 *fill*         0x1a003cae        0x2 ff
 .text._Cwritebuf
                0x1a003cb0       0x68 /usr/local/lpcxpresso_8.2.2_650/lpcxpresso/tools/bin/../lib/gcc/arm-none-eabi/5.4.1/../../../../arm-none-eabi/lib/armv7e-m/softfp/libcr_c.a(_writebuf.o)
                0x1a003cb0                _Cwritebuf
 .text.fclose   0x1a003d18       0x6c /usr/local/lpcxpresso_8.2.2_650/lpcxpresso/tools/bin/../lib/gcc/arm-none-eabi/5.4.1/../../../../arm-none-eabi/lib/armv7e-m/softfp/libcr_c.a(fclose.o)
                0x1a003d18                fclose
 .text.fflush   0x1a003d84       0x30 /usr/local/lpcxpresso_8.2.2_650/lpcxpresso/tools/bin/../lib/gcc/arm-none-eabi/5.4.1/../../../../arm-none-eabi/lib/armv7e-m/softfp/libcr_c.a(fflush.o)
                0x1a003d84                fflush
 .text.fseek    0x1a003db4      0x110 /usr/local/lpcxpresso_8.2.2_650/lpcxpresso/tools/bin/../lib/gcc/arm-none-eabi/5.4.1/../../../../arm-none-eabi/lib/armv7e-m/softfp/libcr_c.a(fseek.o)
                0x1a003db4                fseek
 .text.ftell    0x1a003ec4       0x4c /usr/local/lpcxpresso_8.2.2_650/lpcxpresso/tools/bin/../lib/gcc/arm-none-eabi/5.4.1/../../../../arm-none-eabi/lib/armv7e-m/softfp/libcr_c.a(ftell.o)
                0x1a003ec4                ftell
 .text.remove   0x1a003f10       0x14 /usr/local/lpcxpresso_8.2.2_650/lpcxpresso/tools/bin/../lib/gcc/arm-none-eabi/5.4.1/../../../../arm-none-eabi/lib/armv7e-m/softfp/libcr_c.a(remove.o)
                0x1a003f10                remove
 .text.strlen   0x1a003f24       0x4a /usr/local/lpcxpresso_8.2.2_650/lpcxpresso/tools/bin/../lib/gcc/arm-none-eabi/5.4.1/../../../../arm-none-eabi/lib/armv7e-m/softfp/libcr_c.a(strlen.o)
                0x1a003f24                strlen
 .text._do_fflush
                0x1a003f6e       0x44 /usr/local/lpcxpresso_8.2.2_650/lpcxpresso/tools/bin/../lib/gcc/arm-none-eabi/5.4.1/../../../../arm-none-eabi/lib/armv7e-m/softfp/libcr_c.a(_do_fflush.o)
                0x1a003f6e                _do_fflush
 .text.__aeabi_memcpy
                0x1a003fb2       0x34 /usr/local/lpcxpresso_8.2.2_650/lpcxpresso/tools/bin/../lib/gcc/arm-none-eabi/5.4.1/armv7e-m/softfp/libcr_eabihelpers.a(memcpy.o)
                0x1a003fb2                __aeabi_memcpy
                0x1a003fbc                __aeabi_memcpy4
                0x1a003fbc                __aeabi_memcpy8
 .text.__aeabi_memset_lowlevel
                0x1a003fe6       0x32 /usr/local/lpcxpresso_8.2.2_650/lpcxpresso/tools/bin/../lib/gcc/arm-none-eabi/5.4.1/armv7e-m/softfp/libcr_eabihelpers.a(memcpy.o)
                0x1a003fe6                __aeabi_lowlevel_memset
 .text.__sys_appexit
                0x1a004018        0x2 /usr/local/lpcxpresso_8.2.2_650/lpcxpresso/tools/bin/../lib/gcc/arm-none-eabi/5.4.1/../../../../arm-none-eabi/lib/armv7e-m/softfp/libcr_nohost.a(__sys_appexit.o)
                0x1a004018                __exit
                0x1a004018                __sys_appexit
 .text.__sys_close
                0x1a00401a        0x6 /usr/local/lpcxpresso_8.2.2_650/lpcxpresso/tools/bin/../lib/gcc/arm-none-eabi/5.4.1/../../../../arm-none-eabi/lib/armv7e-m/softfp/libcr_nohost.a(__sys_close.o)
                0x1a00401a                __sys_close
 .text.__sys_flen
                0x1a004020        0x6 /usr/local/lpcxpresso_8.2.2_650/lpcxpresso/tools/bin/../lib/gcc/arm-none-eabi/5.4.1/../../../../arm-none-eabi/lib/armv7e-m/softfp/libcr_nohost.a(__sys_flen.o)
                0x1a004020                __sys_flen
 .text.__sys_istty
                0x1a004026        0x6 /usr/local/lpcxpresso_8.2.2_650/lpcxpresso/tools/bin/../lib/gcc/arm-none-eabi/5.4.1/../../../../arm-none-eabi/lib/armv7e-m/softfp/libcr_nohost.a(__sys_istty.o)
                0x1a004026                __sys_istty
 .text.__sys_remove
                0x1a00402c        0x6 /usr/local/lpcxpresso_8.2.2_650/lpcxpresso/tools/bin/../lib/gcc/arm-none-eabi/5.4.1/../../../../arm-none-eabi/lib/armv7e-m/softfp/libcr_nohost.a(__sys_remove.o)
                0x1a00402c                __sys_remove
 .text.__sys_seek
                0x1a004032        0x6 /usr/local/lpcxpresso_8.2.2_650/lpcxpresso/tools/bin/../lib/gcc/arm-none-eabi/5.4.1/../../../../arm-none-eabi/lib/armv7e-m/softfp/libcr_nohost.a(__sys_seek.o)
                0x1a004032                __sys_seek
 .text.__sys_tmpnam
                0x1a004038        0x6 /usr/local/lpcxpresso_8.2.2_650/lpcxpresso/tools/bin/../lib/gcc/arm-none-eabi/5.4.1/../../../../arm-none-eabi/lib/armv7e-m/softfp/libcr_nohost.a(__sys_tmpnam.o)
                0x1a004038                __sys_tmpnam
 .text.__sys_write
                0x1a00403e        0x4 /usr/local/lpcxpresso_8.2.2_650/lpcxpresso/tools/bin/../lib/gcc/arm-none-eabi/5.4.1/../../../../arm-none-eabi/lib/armv7e-m/softfp/libcr_nohost.a(__sys_write.o)
                0x1a00403e                __write
                0x1a00403e                __sys_write
 *(.rodata .rodata.* .constdata .constdata.*)
 *fill*         0x1a004042        0x2 ff
 .rodata        0x1a004044        0x5 ./freertos/src/tasks.o
 *fill*         0x1a004049        0x3 ff
 .rodata.ExtRateIn
                0x1a00404c        0x4 ./example/src/button_timer.o
                0x1a00404c                ExtRateIn
 .rodata.OscRateIn
                0x1a004050        0x4 ./example/src/button_timer.o
                0x1a004050                OscRateIn
 .rodata        0x1a004054       0x2e ./example/src/button_timer.o
 *fill*         0x1a004082        0x2 ff
 .rodata.keys_config
                0x1a004084       0x20 ./example/src/keys.o
                0x1a004084                keys_config
 .rodata        0x1a0040a4       0x30 ./example/src/keys.o
 .rodata.InitClkStates
                0x1a0040d4        0xc /home/snorkman/LPCXpresso/borra/lpc_board_nxp_lpcxpresso_4337/Debug/liblpc_board_nxp_lpcxpresso_4337.a(board_sysinit.o)
 .rodata.pinmuxing
                0x1a0040e0       0x34 /home/snorkman/LPCXpresso/borra/lpc_board_nxp_lpcxpresso_4337/Debug/liblpc_board_nxp_lpcxpresso_4337.a(board_sysinit.o)
 .rodata.periph_to_base
                0x1a004114       0x6c /home/snorkman/LPCXpresso/borra/lpc_chip_43xx/Debug/liblpc_chip_43xx.a(clock_18xx_43xx.o)
 .rodata        0x1a004180        0xa /home/snorkman/LPCXpresso/borra/lpc_chip_43xx/Debug/liblpc_chip_43xx.a(clock_18xx_43xx.o)
 *fill*         0x1a00418a        0x2 ff
 .rodata.InitClkStates
                0x1a00418c       0x48 /home/snorkman/LPCXpresso/borra/lpc_chip_43xx/Debug/liblpc_chip_43xx.a(sysinit_18xx_43xx.o)
 .rodata.str1.1
                0x1a0041d4       0x18 /usr/local/lpcxpresso_8.2.2_650/lpcxpresso/tools/bin/../lib/gcc/arm-none-eabi/5.4.1/../../../../arm-none-eabi/lib/armv7e-m/softfp/libcr_c.a(alloc.o)
 .rodata.str1.1
                0x1a0041ec        0x4 /usr/local/lpcxpresso_8.2.2_650/lpcxpresso/tools/bin/../lib/gcc/arm-none-eabi/5.4.1/../../../../arm-none-eabi/lib/armv7e-m/softfp/libcr_c.a(initio.o)
                0x1a0041f0                . = ALIGN (0x4)

.glue_7         0x1a0041f0        0x0
 .glue_7        0x1a0041f0        0x0 linker stubs

.glue_7t        0x1a0041f0        0x0
 .glue_7t       0x1a0041f0        0x0 linker stubs

.vfp11_veneer   0x1a0041f0        0x0
 .vfp11_veneer  0x1a0041f0        0x0 linker stubs

.v4_bx          0x1a0041f0        0x0
 .v4_bx         0x1a0041f0        0x0 linker stubs

.iplt           0x1a0041f0        0x0
 .iplt          0x1a0041f0        0x0 ./freertos/src/FreeRTOSCommonHooks.o

.rel.dyn        0x1a0041f0        0x0
 .rel.iplt      0x1a0041f0        0x0 ./freertos/src/FreeRTOSCommonHooks.o

.ARM.extab
 *(.ARM.extab* .gnu.linkonce.armextab.*)
                0x1a0041f0                __exidx_start = .

.ARM.exidx
 *(.ARM.exidx* .gnu.linkonce.armexidx.*)
                0x1a0041f0                __exidx_end = .
                0x1a0041f0                _etext = .

.data_RAM2      0x10080000        0x0 load address 0x1a0041f0
 FILL mask 0xff
                [!provide]                PROVIDE (__start_data_RAM2, .)
 *(.ramfunc.$RAM2)
 *(.ramfunc.$RamLoc40)
 *(.data.$RAM2*)
 *(.data.$RamLoc40*)
                0x10080000                . = ALIGN (0x4)
                [!provide]                PROVIDE (__end_data_RAM2, .)

.data_RAM3      0x20000000        0x0 load address 0x1a0041f0
 FILL mask 0xff
                [!provide]                PROVIDE (__start_data_RAM3, .)
 *(.ramfunc.$RAM3)
 *(.ramfunc.$RamAHB32)
 *(.data.$RAM3*)
 *(.data.$RamAHB32*)
                0x20000000                . = ALIGN (0x4)
                [!provide]                PROVIDE (__end_data_RAM3, .)

.data_RAM4      0x20008000        0x0 load address 0x1a0041f0
 FILL mask 0xff
                [!provide]                PROVIDE (__start_data_RAM4, .)
 *(.ramfunc.$RAM4)
 *(.ramfunc.$RamAHB16)
 *(.data.$RAM4*)
 *(.data.$RamAHB16*)
                0x20008000                . = ALIGN (0x4)
                [!provide]                PROVIDE (__end_data_RAM4, .)

.data_RAM5      0x2000c000        0x0 load address 0x1a0041f0
 FILL mask 0xff
                [!provide]                PROVIDE (__start_data_RAM5, .)
 *(.ramfunc.$RAM5)
 *(.ramfunc.$RamAHB_ETB16)
 *(.data.$RAM5*)
 *(.data.$RamAHB_ETB16*)
                0x2000c000                . = ALIGN (0x4)
                [!provide]                PROVIDE (__end_data_RAM5, .)

.uninit_RESERVED
                0x10000000        0x0
 *(.bss.$RESERVED*)
                0x10000000                . = ALIGN (0x4)
                0x10000000                _end_uninit_RESERVED = .

.data           0x10000000        0x8 load address 0x1a0041f0
 FILL mask 0xff
                0x10000000                _data = .
 *(vtable)
 *(.ramfunc*)
 *(.data*)
 .data.uxCriticalNesting
                0x10000000        0x4 ./freertos/src/port.o
 .data.xNextTaskUnblockTime
                0x10000004        0x4 ./freertos/src/tasks.o
                0x10000008                . = ALIGN (0x4)
                0x10000008                _edata = .

.igot.plt       0x10000008        0x0 load address 0x1a0041f8
 .igot.plt      0x10000008        0x0 ./freertos/src/FreeRTOSCommonHooks.o

.bss_RAM2       0x10080000        0x0
                [!provide]                PROVIDE (__start_bss_RAM2, .)
 *(.bss.$RAM2*)
 *(.bss.$RamLoc40*)
                0x10080000                . = ALIGN ((. != 0x0)?0x4:0x1)
                [!provide]                PROVIDE (__end_bss_RAM2, .)

.bss_RAM3       0x20000000        0x0
                [!provide]                PROVIDE (__start_bss_RAM3, .)
 *(.bss.$RAM3*)
 *(.bss.$RamAHB32*)
                0x20000000                . = ALIGN ((. != 0x0)?0x4:0x1)
                [!provide]                PROVIDE (__end_bss_RAM3, .)

.bss_RAM4       0x20008000        0x0
                [!provide]                PROVIDE (__start_bss_RAM4, .)
 *(.bss.$RAM4*)
 *(.bss.$RamAHB16*)
                0x20008000                . = ALIGN ((. != 0x0)?0x4:0x1)
                [!provide]                PROVIDE (__end_bss_RAM4, .)

.bss_RAM5       0x2000c000        0x0
                [!provide]                PROVIDE (__start_bss_RAM5, .)
 *(.bss.$RAM5*)
 *(.bss.$RamAHB_ETB16*)
                0x2000c000                . = ALIGN ((. != 0x0)?0x4:0x1)
                [!provide]                PROVIDE (__end_bss_RAM5, .)

.bss            0x10000008      0x304
                0x10000008                _bss = .
 *(.bss*)
 .bss.ulTimerCountsForOneTick
                0x10000008        0x4 ./freertos/src/port.o
 .bss.xMaximumPossibleSuppressedTicks
                0x1000000c        0x4 ./freertos/src/port.o
 .bss.ulStoppedTimerCompensation
                0x10000010        0x4 ./freertos/src/port.o
 .bss.pxCurrentTCB
                0x10000014        0x4 ./freertos/src/tasks.o
                0x10000014                pxCurrentTCB
 .bss.pxReadyTasksLists
                0x10000018       0xa0 ./freertos/src/tasks.o
 .bss.xDelayedTaskList1
                0x100000b8       0x14 ./freertos/src/tasks.o
 .bss.xDelayedTaskList2
                0x100000cc       0x14 ./freertos/src/tasks.o
 .bss.pxDelayedTaskList
                0x100000e0        0x4 ./freertos/src/tasks.o
 .bss.pxOverflowDelayedTaskList
                0x100000e4        0x4 ./freertos/src/tasks.o
 .bss.xPendingReadyList
                0x100000e8       0x14 ./freertos/src/tasks.o
 .bss.xTasksWaitingTermination
                0x100000fc       0x14 ./freertos/src/tasks.o
 .bss.uxTasksDeleted
                0x10000110        0x4 ./freertos/src/tasks.o
 .bss.xSuspendedTaskList
                0x10000114       0x14 ./freertos/src/tasks.o
 .bss.uxCurrentNumberOfTasks
                0x10000128        0x4 ./freertos/src/tasks.o
 .bss.xTickCount
                0x1000012c        0x4 ./freertos/src/tasks.o
 .bss.uxTopReadyPriority
                0x10000130        0x4 ./freertos/src/tasks.o
 .bss.xSchedulerRunning
                0x10000134        0x4 ./freertos/src/tasks.o
 .bss.uxPendedTicks
                0x10000138        0x4 ./freertos/src/tasks.o
 .bss.xYieldPending
                0x1000013c        0x4 ./freertos/src/tasks.o
 .bss.xNumOfOverflows
                0x10000140        0x4 ./freertos/src/tasks.o
 .bss.uxTaskNumber
                0x10000144        0x4 ./freertos/src/tasks.o
 .bss.uxSchedulerSuspended
                0x10000148        0x4 ./freertos/src/tasks.o
 .bss.audio_usb_pll_freq
                0x1000014c        0x8 /home/snorkman/LPCXpresso/borra/lpc_chip_43xx/Debug/liblpc_chip_43xx.a(clock_18xx_43xx.o)
 .bss._extra    0x10000154        0x4 /usr/local/lpcxpresso_8.2.2_650/lpcxpresso/tools/bin/../lib/gcc/arm-none-eabi/5.4.1/../../../../arm-none-eabi/lib/armv7e-m/softfp/libcr_c.a(initio.o)
                0x10000154                _extra
 .bss.__Ciob    0x10000158      0x140 /usr/local/lpcxpresso_8.2.2_650/lpcxpresso/tools/bin/../lib/gcc/arm-none-eabi/5.4.1/../../../../arm-none-eabi/lib/armv7e-m/softfp/libcr_c.a(stdio.o)
                0x10000158                __Ciob
 .bss.__heaps   0x10000298        0x4 /usr/local/lpcxpresso_8.2.2_650/lpcxpresso/tools/bin/../lib/gcc/arm-none-eabi/5.4.1/../../../../arm-none-eabi/lib/armv7e-m/softfp/libcr_c.a(__init_alloc.o)
                0x10000298                __heaps
 .bss.__end_of_heap
                0x1000029c        0x4 /usr/local/lpcxpresso_8.2.2_650/lpcxpresso/tools/bin/../lib/gcc/arm-none-eabi/5.4.1/../../../../arm-none-eabi/lib/armv7e-m/softfp/libcr_c.a(__init_alloc.o)
                0x1000029c                __end_of_heap
 .bss.errno     0x100002a0        0x4 /usr/local/lpcxpresso_8.2.2_650/lpcxpresso/tools/bin/../lib/gcc/arm-none-eabi/5.4.1/../../../../arm-none-eabi/lib/armv7e-m/softfp/libcr_c.a(errno.o)
                0x100002a0                errno
 *(COMMON)
 COMMON         0x100002a4       0x64 ./example/src/keys.o
                0x100002a4                isr_signal
                0x100002a8                keys_data
 COMMON         0x10000308        0x4 /home/snorkman/LPCXpresso/borra/lpc_chip_43xx/Debug/liblpc_chip_43xx.a(chip_18xx_43xx.o)
                0x10000308                SystemCoreClock
                0x1000030c                . = ALIGN (0x4)
                0x1000030c                _ebss = .
                [!provide]                PROVIDE (end, .)

.noinit_RAM2    0x10080000        0x0
 *(.noinit.$RAM2*)
 *(.noinit.$RamLoc40*)
                0x10080000                . = ALIGN (0x4)

.noinit_RAM3    0x20000000        0x0
 *(.noinit.$RAM3*)
 *(.noinit.$RamAHB32*)
                0x20000000                . = ALIGN (0x4)

.noinit_RAM4    0x20008000        0x0
 *(.noinit.$RAM4*)
 *(.noinit.$RamAHB16*)
                0x20008000                . = ALIGN (0x4)

.noinit_RAM5    0x2000c000        0x0
 *(.noinit.$RAM5*)
 *(.noinit.$RamAHB_ETB16*)
                0x2000c000                . = ALIGN (0x4)

.noinit         0x1000030c        0x0
                0x1000030c                _noinit = .
 *(.noinit*)
                0x1000030c                . = ALIGN (0x4)
                0x1000030c                _end_noinit = .
                0x1000030c                PROVIDE (_pvHeapStart, DEFINED (__user_heap_base)?__user_heap_base:.)
                0x10008000                PROVIDE (_vStackTop, DEFINED (__user_stack_top)?__user_stack_top:(__top_RamLoc32 - 0x0))
                [!provide]                PROVIDE (__valid_user_code_checksum, (0x0 - ((((((_vStackTop + (ResetISR + 0x1)) + (NMI_Handler + 0x1)) + (HardFault_Handler + 0x1)) + (DEFINED (MemManage_Handler)?MemManage_Handler:0x0 + 0x1)) + (DEFINED (BusFault_Handler)?BusFault_Handler:0x0 + 0x1)) + (DEFINED (UsageFault_Handler)?UsageFault_Handler:0x0 + 0x1))))
OUTPUT(RTOS_1_F1.elf elf32-littlearm)

.debug_info     0x00000000     0x80c9
 .debug_info    0x00000000      0x19f ./freertos/src/FreeRTOSCommonHooks.o
 .debug_info    0x0000019f       0xe3 ./freertos/src/heap_3.o
 .debug_info    0x00000282      0x28b ./freertos/src/list.o
 .debug_info    0x0000050d      0x323 ./freertos/src/port.o
 .debug_info    0x00000830      0xb4d ./freertos/src/queue.o
 .debug_info    0x0000137d       0x6c ./freertos/src/redlib_memfix.o
 .debug_info    0x000013e9     0x1272 ./freertos/src/tasks.o
 .debug_info    0x0000265b      0xb8d ./example/src/button_timer.o
 .debug_info    0x000031e8      0x293 ./example/src/cr_startup_lpc43xx.o
 .debug_info    0x0000347b     0x142f ./example/src/keys.o
 .debug_info    0x000048aa       0xe6 ./example/src/sysinit.o
 .debug_info    0x00004990      0xb56 /home/snorkman/LPCXpresso/borra/lpc_board_nxp_lpcxpresso_4337/Debug/liblpc_board_nxp_lpcxpresso_4337.a(board_sysinit.o)
 .debug_info    0x000054e6      0xa31 /home/snorkman/LPCXpresso/borra/lpc_chip_43xx/Debug/liblpc_chip_43xx.a(chip_18xx_43xx.o)
 .debug_info    0x00005f17     0x1590 /home/snorkman/LPCXpresso/borra/lpc_chip_43xx/Debug/liblpc_chip_43xx.a(clock_18xx_43xx.o)
 .debug_info    0x000074a7      0x128 /home/snorkman/LPCXpresso/borra/lpc_chip_43xx/Debug/liblpc_chip_43xx.a(fpu_init.o)
 .debug_info    0x000075cf      0x1fd /home/snorkman/LPCXpresso/borra/lpc_chip_43xx/Debug/liblpc_chip_43xx.a(gpio_18xx_43xx.o)
 .debug_info    0x000077cc      0x8fd /home/snorkman/LPCXpresso/borra/lpc_chip_43xx/Debug/liblpc_chip_43xx.a(sysinit_18xx_43xx.o)

.debug_abbrev   0x00000000     0x16e0
 .debug_abbrev  0x00000000      0x10c ./freertos/src/FreeRTOSCommonHooks.o
 .debug_abbrev  0x0000010c       0x9f ./freertos/src/heap_3.o
 .debug_abbrev  0x000001ab       0xbe ./freertos/src/list.o
 .debug_abbrev  0x00000269      0x194 ./freertos/src/port.o
 .debug_abbrev  0x000003fd      0x1ba ./freertos/src/queue.o
 .debug_abbrev  0x000005b7       0x60 ./freertos/src/redlib_memfix.o
 .debug_abbrev  0x00000617      0x239 ./freertos/src/tasks.o
 .debug_abbrev  0x00000850      0x1a6 ./example/src/button_timer.o
 .debug_abbrev  0x000009f6       0xea ./example/src/cr_startup_lpc43xx.o
 .debug_abbrev  0x00000ae0      0x2cb ./example/src/keys.o
 .debug_abbrev  0x00000dab       0x99 ./example/src/sysinit.o
 .debug_abbrev  0x00000e44      0x19a /home/snorkman/LPCXpresso/borra/lpc_board_nxp_lpcxpresso_4337/Debug/liblpc_board_nxp_lpcxpresso_4337.a(board_sysinit.o)
 .debug_abbrev  0x00000fde      0x155 /home/snorkman/LPCXpresso/borra/lpc_chip_43xx/Debug/liblpc_chip_43xx.a(chip_18xx_43xx.o)
 .debug_abbrev  0x00001133      0x2cb /home/snorkman/LPCXpresso/borra/lpc_chip_43xx/Debug/liblpc_chip_43xx.a(clock_18xx_43xx.o)
 .debug_abbrev  0x000013fe       0x84 /home/snorkman/LPCXpresso/borra/lpc_chip_43xx/Debug/liblpc_chip_43xx.a(fpu_init.o)
 .debug_abbrev  0x00001482       0xd0 /home/snorkman/LPCXpresso/borra/lpc_chip_43xx/Debug/liblpc_chip_43xx.a(gpio_18xx_43xx.o)
 .debug_abbrev  0x00001552      0x18e /home/snorkman/LPCXpresso/borra/lpc_chip_43xx/Debug/liblpc_chip_43xx.a(sysinit_18xx_43xx.o)

.debug_aranges  0x00000000      0x868
 .debug_aranges
                0x00000000       0x40 ./freertos/src/FreeRTOSCommonHooks.o
 .debug_aranges
                0x00000040       0x28 ./freertos/src/heap_3.o
 .debug_aranges
                0x00000068       0x40 ./freertos/src/list.o
 .debug_aranges
                0x000000a8       0x98 ./freertos/src/port.o
 .debug_aranges
                0x00000140       0xf0 ./freertos/src/queue.o
 .debug_aranges
                0x00000230       0x20 ./freertos/src/redlib_memfix.o
 .debug_aranges
                0x00000250      0x190 ./freertos/src/tasks.o
 .debug_aranges
                0x000003e0       0x68 ./example/src/button_timer.o
 .debug_aranges
                0x00000448       0x80 ./example/src/cr_startup_lpc43xx.o
 .debug_aranges
                0x000004c8      0x128 ./example/src/keys.o
 .debug_aranges
                0x000005f0       0x20 ./example/src/sysinit.o
 .debug_aranges
                0x00000610       0x48 /home/snorkman/LPCXpresso/borra/lpc_board_nxp_lpcxpresso_4337/Debug/liblpc_board_nxp_lpcxpresso_4337.a(board_sysinit.o)
 .debug_aranges
                0x00000658       0x40 /home/snorkman/LPCXpresso/borra/lpc_chip_43xx/Debug/liblpc_chip_43xx.a(chip_18xx_43xx.o)
 .debug_aranges
                0x00000698      0x138 /home/snorkman/LPCXpresso/borra/lpc_chip_43xx/Debug/liblpc_chip_43xx.a(clock_18xx_43xx.o)
 .debug_aranges
                0x000007d0       0x20 /home/snorkman/LPCXpresso/borra/lpc_chip_43xx/Debug/liblpc_chip_43xx.a(fpu_init.o)
 .debug_aranges
                0x000007f0       0x28 /home/snorkman/LPCXpresso/borra/lpc_chip_43xx/Debug/liblpc_chip_43xx.a(gpio_18xx_43xx.o)
 .debug_aranges
                0x00000818       0x50 /home/snorkman/LPCXpresso/borra/lpc_chip_43xx/Debug/liblpc_chip_43xx.a(sysinit_18xx_43xx.o)

.debug_ranges   0x00000000      0x770
 .debug_ranges  0x00000000       0x30 ./freertos/src/FreeRTOSCommonHooks.o
 .debug_ranges  0x00000030       0x18 ./freertos/src/heap_3.o
 .debug_ranges  0x00000048       0x30 ./freertos/src/list.o
 .debug_ranges  0x00000078       0x88 ./freertos/src/port.o
 .debug_ranges  0x00000100       0xe0 ./freertos/src/queue.o
 .debug_ranges  0x000001e0       0x10 ./freertos/src/redlib_memfix.o
 .debug_ranges  0x000001f0      0x180 ./freertos/src/tasks.o
 .debug_ranges  0x00000370       0x58 ./example/src/button_timer.o
 .debug_ranges  0x000003c8       0x70 ./example/src/cr_startup_lpc43xx.o
 .debug_ranges  0x00000438      0x118 ./example/src/keys.o
 .debug_ranges  0x00000550       0x10 ./example/src/sysinit.o
 .debug_ranges  0x00000560       0x38 /home/snorkman/LPCXpresso/borra/lpc_board_nxp_lpcxpresso_4337/Debug/liblpc_board_nxp_lpcxpresso_4337.a(board_sysinit.o)
 .debug_ranges  0x00000598       0x30 /home/snorkman/LPCXpresso/borra/lpc_chip_43xx/Debug/liblpc_chip_43xx.a(chip_18xx_43xx.o)
 .debug_ranges  0x000005c8      0x140 /home/snorkman/LPCXpresso/borra/lpc_chip_43xx/Debug/liblpc_chip_43xx.a(clock_18xx_43xx.o)
 .debug_ranges  0x00000708       0x10 /home/snorkman/LPCXpresso/borra/lpc_chip_43xx/Debug/liblpc_chip_43xx.a(fpu_init.o)
 .debug_ranges  0x00000718       0x18 /home/snorkman/LPCXpresso/borra/lpc_chip_43xx/Debug/liblpc_chip_43xx.a(gpio_18xx_43xx.o)
 .debug_ranges  0x00000730       0x40 /home/snorkman/LPCXpresso/borra/lpc_chip_43xx/Debug/liblpc_chip_43xx.a(sysinit_18xx_43xx.o)

.debug_line     0x00000000     0x4459
 .debug_line    0x00000000      0x1a1 ./freertos/src/FreeRTOSCommonHooks.o
 .debug_line    0x000001a1       0xbc ./freertos/src/heap_3.o
 .debug_line    0x0000025d      0x157 ./freertos/src/list.o
 .debug_line    0x000003b4      0x268 ./freertos/src/port.o
 .debug_line    0x0000061c      0x4c6 ./freertos/src/queue.o
 .debug_line    0x00000ae2       0x52 ./freertos/src/redlib_memfix.o
 .debug_line    0x00000b34      0x8fb ./freertos/src/tasks.o
 .debug_line    0x0000142f      0x2c0 ./example/src/button_timer.o
 .debug_line    0x000016ef      0x102 ./example/src/cr_startup_lpc43xx.o
 .debug_line    0x000017f1      0x5c5 ./example/src/keys.o
 .debug_line    0x00001db6       0xdb ./example/src/sysinit.o
 .debug_line    0x00001e91      0x6cb /home/snorkman/LPCXpresso/borra/lpc_board_nxp_lpcxpresso_4337/Debug/liblpc_board_nxp_lpcxpresso_4337.a(board_sysinit.o)
 .debug_line    0x0000255c      0x640 /home/snorkman/LPCXpresso/borra/lpc_chip_43xx/Debug/liblpc_chip_43xx.a(chip_18xx_43xx.o)
 .debug_line    0x00002b9c      0xa3d /home/snorkman/LPCXpresso/borra/lpc_chip_43xx/Debug/liblpc_chip_43xx.a(clock_18xx_43xx.o)
 .debug_line    0x000035d9      0x1ec /home/snorkman/LPCXpresso/borra/lpc_chip_43xx/Debug/liblpc_chip_43xx.a(fpu_init.o)
 .debug_line    0x000037c5      0x5e6 /home/snorkman/LPCXpresso/borra/lpc_chip_43xx/Debug/liblpc_chip_43xx.a(gpio_18xx_43xx.o)
 .debug_line    0x00003dab      0x6ae /home/snorkman/LPCXpresso/borra/lpc_chip_43xx/Debug/liblpc_chip_43xx.a(sysinit_18xx_43xx.o)

.debug_str      0x00000000    0x18aae
 .debug_str     0x00000000      0x222 ./freertos/src/FreeRTOSCommonHooks.o
                                0x2c0 (size before relaxing)
 .debug_str     0x00000222       0x4c ./freertos/src/heap_3.o
                                0x202 (size before relaxing)
 .debug_str     0x0000026e      0x140 ./freertos/src/list.o
                                0x307 (size before relaxing)
 .debug_str     0x000003ae      0x2b4 ./freertos/src/port.o
                                0x495 (size before relaxing)
 .debug_str     0x00000662      0x4b4 ./freertos/src/queue.o
                                0x775 (size before relaxing)
 .debug_str     0x00000b16       0x4f ./freertos/src/redlib_memfix.o
                                0x18b (size before relaxing)
 .debug_str     0x00000b65      0x927 ./freertos/src/tasks.o
                                0xce9 (size before relaxing)
 .debug_str     0x0000148c      0xbde ./example/src/button_timer.o
                                0xdfd (size before relaxing)
 .debug_str     0x0000206a      0x173 ./example/src/cr_startup_lpc43xx.o
                                0x2dc (size before relaxing)
 .debug_str     0x000021dd      0x772 ./example/src/keys.o
                               0x14b2 (size before relaxing)
 .debug_str     0x0000294f       0x23 ./example/src/sysinit.o
                                0x20c (size before relaxing)
 .debug_str     0x00002972    0x158ca /home/snorkman/LPCXpresso/borra/lpc_board_nxp_lpcxpresso_4337/Debug/liblpc_board_nxp_lpcxpresso_4337.a(board_sysinit.o)
                              0x164d1 (size before relaxing)
 .debug_str     0x0001823c       0xe5 /home/snorkman/LPCXpresso/borra/lpc_chip_43xx/Debug/liblpc_chip_43xx.a(chip_18xx_43xx.o)
                              0x15de0 (size before relaxing)
 .debug_str     0x00018321      0x5ec /home/snorkman/LPCXpresso/borra/lpc_chip_43xx/Debug/liblpc_chip_43xx.a(clock_18xx_43xx.o)
                              0x16363 (size before relaxing)
 .debug_str     0x0001890d       0xb5 /home/snorkman/LPCXpresso/borra/lpc_chip_43xx/Debug/liblpc_chip_43xx.a(fpu_init.o)
                               0x9949 (size before relaxing)
 .debug_str     0x000189c2       0x38 /home/snorkman/LPCXpresso/borra/lpc_chip_43xx/Debug/liblpc_chip_43xx.a(gpio_18xx_43xx.o)
                              0x150f6 (size before relaxing)
 .debug_str     0x000189fa       0xb4 /home/snorkman/LPCXpresso/borra/lpc_chip_43xx/Debug/liblpc_chip_43xx.a(sysinit_18xx_43xx.o)
                              0x15daf (size before relaxing)

.comment        0x00000000       0xdc
 .comment       0x00000000       0x6e ./freertos/src/FreeRTOSCommonHooks.o
                                 0x6f (size before relaxing)
 .comment       0x0000006e       0x6f ./freertos/src/heap_3.o
 .comment       0x0000006e       0x6f ./freertos/src/list.o
 .comment       0x0000006e       0x6f ./freertos/src/port.o
 .comment       0x0000006e       0x6f ./freertos/src/queue.o
 .comment       0x0000006e       0x6f ./freertos/src/redlib_memfix.o
 .comment       0x0000006e       0x6f ./freertos/src/tasks.o
 .comment       0x0000006e       0x6f ./example/src/button_timer.o
 .comment       0x0000006e       0x6f ./example/src/cr_startup_lpc43xx.o
 .comment       0x0000006e       0x6f ./example/src/keys.o
 .comment       0x0000006e       0x6f ./example/src/sysinit.o
 .comment       0x0000006e       0x6f /home/snorkman/LPCXpresso/borra/lpc_board_nxp_lpcxpresso_4337/Debug/liblpc_board_nxp_lpcxpresso_4337.a(board_sysinit.o)
 .comment       0x0000006e       0x6f /home/snorkman/LPCXpresso/borra/lpc_chip_43xx/Debug/liblpc_chip_43xx.a(chip_18xx_43xx.o)
 .comment       0x0000006e       0x6f /home/snorkman/LPCXpresso/borra/lpc_chip_43xx/Debug/liblpc_chip_43xx.a(clock_18xx_43xx.o)
 .comment       0x0000006e       0x6f /home/snorkman/LPCXpresso/borra/lpc_chip_43xx/Debug/liblpc_chip_43xx.a(fpu_init.o)
 .comment       0x0000006e       0x6f /home/snorkman/LPCXpresso/borra/lpc_chip_43xx/Debug/liblpc_chip_43xx.a(gpio_18xx_43xx.o)
 .comment       0x0000006e       0x6f /home/snorkman/LPCXpresso/borra/lpc_chip_43xx/Debug/liblpc_chip_43xx.a(sysinit_18xx_43xx.o)
 .comment       0x0000006e       0x6e /usr/local/lpcxpresso_8.2.2_650/lpcxpresso/tools/bin/../lib/gcc/arm-none-eabi/5.4.1/../../../../arm-none-eabi/lib/armv7e-m/softfp/libcr_nohost.a(_cr__main.o)
                                 0x6f (size before relaxing)
 .comment       0x000000dc       0x6f /usr/local/lpcxpresso_8.2.2_650/lpcxpresso/tools/bin/../lib/gcc/arm-none-eabi/5.4.1/../../../../arm-none-eabi/lib/armv7e-m/softfp/libcr_c.a(memcpy.o)
 .comment       0x000000dc       0x6f /usr/local/lpcxpresso_8.2.2_650/lpcxpresso/tools/bin/../lib/gcc/arm-none-eabi/5.4.1/../../../../arm-none-eabi/lib/armv7e-m/softfp/libcr_c.a(memset.o)
 .comment       0x000000dc       0x6f /usr/local/lpcxpresso_8.2.2_650/lpcxpresso/tools/bin/../lib/gcc/arm-none-eabi/5.4.1/../../../../arm-none-eabi/lib/armv7e-m/softfp/libcr_c.a(alloc.o)
 .comment       0x000000dc       0x6f /usr/local/lpcxpresso_8.2.2_650/lpcxpresso/tools/bin/../lib/gcc/arm-none-eabi/5.4.1/../../../../arm-none-eabi/lib/armv7e-m/softfp/libcr_c.a(initio.o)
 .comment       0x000000dc       0x6f /usr/local/lpcxpresso_8.2.2_650/lpcxpresso/tools/bin/../lib/gcc/arm-none-eabi/5.4.1/../../../../arm-none-eabi/lib/armv7e-m/softfp/libcr_c.a(setvbuf.o)
 .comment       0x000000dc       0x6f /usr/local/lpcxpresso_8.2.2_650/lpcxpresso/tools/bin/../lib/gcc/arm-none-eabi/5.4.1/../../../../arm-none-eabi/lib/armv7e-m/softfp/libcr_c.a(stdio.o)
 .comment       0x000000dc       0x6f /usr/local/lpcxpresso_8.2.2_650/lpcxpresso/tools/bin/../lib/gcc/arm-none-eabi/5.4.1/../../../../arm-none-eabi/lib/armv7e-m/softfp/libcr_c.a(__init_alloc.o)
 .comment       0x000000dc       0x6f /usr/local/lpcxpresso_8.2.2_650/lpcxpresso/tools/bin/../lib/gcc/arm-none-eabi/5.4.1/../../../../arm-none-eabi/lib/armv7e-m/softfp/libcr_c.a(_cr_sbrk.o)
 .comment       0x000000dc       0x6f /usr/local/lpcxpresso_8.2.2_650/lpcxpresso/tools/bin/../lib/gcc/arm-none-eabi/5.4.1/../../../../arm-none-eabi/lib/armv7e-m/softfp/libcr_c.a(_deferredlazyseek.o)
 .comment       0x000000dc       0x6f /usr/local/lpcxpresso_8.2.2_650/lpcxpresso/tools/bin/../lib/gcc/arm-none-eabi/5.4.1/../../../../arm-none-eabi/lib/armv7e-m/softfp/libcr_c.a(_fdopen.o)
 .comment       0x000000dc       0x6f /usr/local/lpcxpresso_8.2.2_650/lpcxpresso/tools/bin/../lib/gcc/arm-none-eabi/5.4.1/../../../../arm-none-eabi/lib/armv7e-m/softfp/libcr_c.a(_fflush.o)
 .comment       0x000000dc       0x6f /usr/local/lpcxpresso_8.2.2_650/lpcxpresso/tools/bin/../lib/gcc/arm-none-eabi/5.4.1/../../../../arm-none-eabi/lib/armv7e-m/softfp/libcr_c.a(_writebuf.o)
 .comment       0x000000dc       0x6f /usr/local/lpcxpresso_8.2.2_650/lpcxpresso/tools/bin/../lib/gcc/arm-none-eabi/5.4.1/../../../../arm-none-eabi/lib/armv7e-m/softfp/libcr_c.a(errno.o)
 .comment       0x000000dc       0x6f /usr/local/lpcxpresso_8.2.2_650/lpcxpresso/tools/bin/../lib/gcc/arm-none-eabi/5.4.1/../../../../arm-none-eabi/lib/armv7e-m/softfp/libcr_c.a(fclose.o)
 .comment       0x000000dc       0x6f /usr/local/lpcxpresso_8.2.2_650/lpcxpresso/tools/bin/../lib/gcc/arm-none-eabi/5.4.1/../../../../arm-none-eabi/lib/armv7e-m/softfp/libcr_c.a(fflush.o)
 .comment       0x000000dc       0x6f /usr/local/lpcxpresso_8.2.2_650/lpcxpresso/tools/bin/../lib/gcc/arm-none-eabi/5.4.1/../../../../arm-none-eabi/lib/armv7e-m/softfp/libcr_c.a(fseek.o)
 .comment       0x000000dc       0x6f /usr/local/lpcxpresso_8.2.2_650/lpcxpresso/tools/bin/../lib/gcc/arm-none-eabi/5.4.1/../../../../arm-none-eabi/lib/armv7e-m/softfp/libcr_c.a(ftell.o)
 .comment       0x000000dc       0x6f /usr/local/lpcxpresso_8.2.2_650/lpcxpresso/tools/bin/../lib/gcc/arm-none-eabi/5.4.1/../../../../arm-none-eabi/lib/armv7e-m/softfp/libcr_c.a(remove.o)
 .comment       0x000000dc       0x6f /usr/local/lpcxpresso_8.2.2_650/lpcxpresso/tools/bin/../lib/gcc/arm-none-eabi/5.4.1/../../../../arm-none-eabi/lib/armv7e-m/softfp/libcr_c.a(strlen.o)
 .comment       0x000000dc       0x6f /usr/local/lpcxpresso_8.2.2_650/lpcxpresso/tools/bin/../lib/gcc/arm-none-eabi/5.4.1/../../../../arm-none-eabi/lib/armv7e-m/softfp/libcr_c.a(_do_fflush.o)
 .comment       0x000000dc       0x6f /usr/local/lpcxpresso_8.2.2_650/lpcxpresso/tools/bin/../lib/gcc/arm-none-eabi/5.4.1/../../../../arm-none-eabi/lib/armv7e-m/softfp/libcr_nohost.a(__sys_appexit.o)
 .comment       0x000000dc       0x6f /usr/local/lpcxpresso_8.2.2_650/lpcxpresso/tools/bin/../lib/gcc/arm-none-eabi/5.4.1/../../../../arm-none-eabi/lib/armv7e-m/softfp/libcr_nohost.a(__sys_close.o)
 .comment       0x000000dc       0x6f /usr/local/lpcxpresso_8.2.2_650/lpcxpresso/tools/bin/../lib/gcc/arm-none-eabi/5.4.1/../../../../arm-none-eabi/lib/armv7e-m/softfp/libcr_nohost.a(__sys_flen.o)
 .comment       0x000000dc       0x6f /usr/local/lpcxpresso_8.2.2_650/lpcxpresso/tools/bin/../lib/gcc/arm-none-eabi/5.4.1/../../../../arm-none-eabi/lib/armv7e-m/softfp/libcr_nohost.a(__sys_istty.o)
 .comment       0x000000dc       0x6f /usr/local/lpcxpresso_8.2.2_650/lpcxpresso/tools/bin/../lib/gcc/arm-none-eabi/5.4.1/../../../../arm-none-eabi/lib/armv7e-m/softfp/libcr_nohost.a(__sys_remove.o)
 .comment       0x000000dc       0x6f /usr/local/lpcxpresso_8.2.2_650/lpcxpresso/tools/bin/../lib/gcc/arm-none-eabi/5.4.1/../../../../arm-none-eabi/lib/armv7e-m/softfp/libcr_nohost.a(__sys_seek.o)
 .comment       0x000000dc       0x6f /usr/local/lpcxpresso_8.2.2_650/lpcxpresso/tools/bin/../lib/gcc/arm-none-eabi/5.4.1/../../../../arm-none-eabi/lib/armv7e-m/softfp/libcr_nohost.a(__sys_tmpnam.o)
 .comment       0x000000dc       0x6f /usr/local/lpcxpresso_8.2.2_650/lpcxpresso/tools/bin/../lib/gcc/arm-none-eabi/5.4.1/../../../../arm-none-eabi/lib/armv7e-m/softfp/libcr_nohost.a(__sys_write.o)

.ARM.attributes
                0x00000000       0x35
 .ARM.attributes
                0x00000000       0x37 ./freertos/src/FreeRTOSCommonHooks.o
 .ARM.attributes
                0x00000037       0x37 ./freertos/src/heap_3.o
 .ARM.attributes
                0x0000006e       0x37 ./freertos/src/list.o
 .ARM.attributes
                0x000000a5       0x37 ./freertos/src/port.o
 .ARM.attributes
                0x000000dc       0x37 ./freertos/src/queue.o
 .ARM.attributes
                0x00000113       0x37 ./freertos/src/redlib_memfix.o
 .ARM.attributes
                0x0000014a       0x37 ./freertos/src/tasks.o
 .ARM.attributes
                0x00000181       0x37 ./example/src/button_timer.o
 .ARM.attributes
                0x000001b8       0x37 ./example/src/cr_startup_lpc43xx.o
 .ARM.attributes
                0x000001ef       0x37 ./example/src/keys.o
 .ARM.attributes
                0x00000226       0x37 ./example/src/sysinit.o
 .ARM.attributes
                0x0000025d       0x37 /home/snorkman/LPCXpresso/borra/lpc_board_nxp_lpcxpresso_4337/Debug/liblpc_board_nxp_lpcxpresso_4337.a(board_sysinit.o)
 .ARM.attributes
                0x00000294       0x37 /home/snorkman/LPCXpresso/borra/lpc_chip_43xx/Debug/liblpc_chip_43xx.a(chip_18xx_43xx.o)
 .ARM.attributes
                0x000002cb       0x37 /home/snorkman/LPCXpresso/borra/lpc_chip_43xx/Debug/liblpc_chip_43xx.a(clock_18xx_43xx.o)
 .ARM.attributes
                0x00000302       0x37 /home/snorkman/LPCXpresso/borra/lpc_chip_43xx/Debug/liblpc_chip_43xx.a(fpu_init.o)
 .ARM.attributes
                0x00000339       0x37 /home/snorkman/LPCXpresso/borra/lpc_chip_43xx/Debug/liblpc_chip_43xx.a(gpio_18xx_43xx.o)
 .ARM.attributes
                0x00000370       0x37 /home/snorkman/LPCXpresso/borra/lpc_chip_43xx/Debug/liblpc_chip_43xx.a(sysinit_18xx_43xx.o)
 .ARM.attributes
                0x000003a7       0x37 /usr/local/lpcxpresso_8.2.2_650/lpcxpresso/tools/bin/../lib/gcc/arm-none-eabi/5.4.1/../../../../arm-none-eabi/lib/armv7e-m/softfp/libcr_nohost.a(_cr__main.o)
 .ARM.attributes
                0x000003de       0x37 /usr/local/lpcxpresso_8.2.2_650/lpcxpresso/tools/bin/../lib/gcc/arm-none-eabi/5.4.1/../../../../arm-none-eabi/lib/armv7e-m/softfp/libcr_c.a(memcpy.o)
 .ARM.attributes
                0x00000415       0x37 /usr/local/lpcxpresso_8.2.2_650/lpcxpresso/tools/bin/../lib/gcc/arm-none-eabi/5.4.1/../../../../arm-none-eabi/lib/armv7e-m/softfp/libcr_c.a(memset.o)
 .ARM.attributes
                0x0000044c       0x37 /usr/local/lpcxpresso_8.2.2_650/lpcxpresso/tools/bin/../lib/gcc/arm-none-eabi/5.4.1/../../../../arm-none-eabi/lib/armv7e-m/softfp/libcr_c.a(alloc.o)
 .ARM.attributes
                0x00000483       0x37 /usr/local/lpcxpresso_8.2.2_650/lpcxpresso/tools/bin/../lib/gcc/arm-none-eabi/5.4.1/../../../../arm-none-eabi/lib/armv7e-m/softfp/libcr_c.a(initio.o)
 .ARM.attributes
                0x000004ba       0x37 /usr/local/lpcxpresso_8.2.2_650/lpcxpresso/tools/bin/../lib/gcc/arm-none-eabi/5.4.1/../../../../arm-none-eabi/lib/armv7e-m/softfp/libcr_c.a(setvbuf.o)
 .ARM.attributes
                0x000004f1       0x37 /usr/local/lpcxpresso_8.2.2_650/lpcxpresso/tools/bin/../lib/gcc/arm-none-eabi/5.4.1/../../../../arm-none-eabi/lib/armv7e-m/softfp/libcr_c.a(stdio.o)
 .ARM.attributes
                0x00000528       0x37 /usr/local/lpcxpresso_8.2.2_650/lpcxpresso/tools/bin/../lib/gcc/arm-none-eabi/5.4.1/../../../../arm-none-eabi/lib/armv7e-m/softfp/libcr_c.a(__init_alloc.o)
 .ARM.attributes
                0x0000055f       0x37 /usr/local/lpcxpresso_8.2.2_650/lpcxpresso/tools/bin/../lib/gcc/arm-none-eabi/5.4.1/../../../../arm-none-eabi/lib/armv7e-m/softfp/libcr_c.a(_cr_sbrk.o)
 .ARM.attributes
                0x00000596       0x37 /usr/local/lpcxpresso_8.2.2_650/lpcxpresso/tools/bin/../lib/gcc/arm-none-eabi/5.4.1/../../../../arm-none-eabi/lib/armv7e-m/softfp/libcr_c.a(_deferredlazyseek.o)
 .ARM.attributes
                0x000005cd       0x37 /usr/local/lpcxpresso_8.2.2_650/lpcxpresso/tools/bin/../lib/gcc/arm-none-eabi/5.4.1/../../../../arm-none-eabi/lib/armv7e-m/softfp/libcr_c.a(_fdopen.o)
 .ARM.attributes
                0x00000604       0x37 /usr/local/lpcxpresso_8.2.2_650/lpcxpresso/tools/bin/../lib/gcc/arm-none-eabi/5.4.1/../../../../arm-none-eabi/lib/armv7e-m/softfp/libcr_c.a(_fflush.o)
 .ARM.attributes
                0x0000063b       0x37 /usr/local/lpcxpresso_8.2.2_650/lpcxpresso/tools/bin/../lib/gcc/arm-none-eabi/5.4.1/../../../../arm-none-eabi/lib/armv7e-m/softfp/libcr_c.a(_writebuf.o)
 .ARM.attributes
                0x00000672       0x37 /usr/local/lpcxpresso_8.2.2_650/lpcxpresso/tools/bin/../lib/gcc/arm-none-eabi/5.4.1/../../../../arm-none-eabi/lib/armv7e-m/softfp/libcr_c.a(errno.o)
 .ARM.attributes
                0x000006a9       0x37 /usr/local/lpcxpresso_8.2.2_650/lpcxpresso/tools/bin/../lib/gcc/arm-none-eabi/5.4.1/../../../../arm-none-eabi/lib/armv7e-m/softfp/libcr_c.a(fclose.o)
 .ARM.attributes
                0x000006e0       0x37 /usr/local/lpcxpresso_8.2.2_650/lpcxpresso/tools/bin/../lib/gcc/arm-none-eabi/5.4.1/../../../../arm-none-eabi/lib/armv7e-m/softfp/libcr_c.a(fflush.o)
 .ARM.attributes
                0x00000717       0x37 /usr/local/lpcxpresso_8.2.2_650/lpcxpresso/tools/bin/../lib/gcc/arm-none-eabi/5.4.1/../../../../arm-none-eabi/lib/armv7e-m/softfp/libcr_c.a(fseek.o)
 .ARM.attributes
                0x0000074e       0x37 /usr/local/lpcxpresso_8.2.2_650/lpcxpresso/tools/bin/../lib/gcc/arm-none-eabi/5.4.1/../../../../arm-none-eabi/lib/armv7e-m/softfp/libcr_c.a(ftell.o)
 .ARM.attributes
                0x00000785       0x37 /usr/local/lpcxpresso_8.2.2_650/lpcxpresso/tools/bin/../lib/gcc/arm-none-eabi/5.4.1/../../../../arm-none-eabi/lib/armv7e-m/softfp/libcr_c.a(remove.o)
 .ARM.attributes
                0x000007bc       0x37 /usr/local/lpcxpresso_8.2.2_650/lpcxpresso/tools/bin/../lib/gcc/arm-none-eabi/5.4.1/../../../../arm-none-eabi/lib/armv7e-m/softfp/libcr_c.a(strlen.o)
 .ARM.attributes
                0x000007f3       0x37 /usr/local/lpcxpresso_8.2.2_650/lpcxpresso/tools/bin/../lib/gcc/arm-none-eabi/5.4.1/../../../../arm-none-eabi/lib/armv7e-m/softfp/libcr_c.a(_do_fflush.o)
 .ARM.attributes
                0x0000082a       0x25 /usr/local/lpcxpresso_8.2.2_650/lpcxpresso/tools/bin/../lib/gcc/arm-none-eabi/5.4.1/armv7e-m/softfp/libcr_eabihelpers.a(memcpy.o)
 .ARM.attributes
                0x0000084f       0x37 /usr/local/lpcxpresso_8.2.2_650/lpcxpresso/tools/bin/../lib/gcc/arm-none-eabi/5.4.1/../../../../arm-none-eabi/lib/armv7e-m/softfp/libcr_nohost.a(__sys_appexit.o)
 .ARM.attributes
                0x00000886       0x37 /usr/local/lpcxpresso_8.2.2_650/lpcxpresso/tools/bin/../lib/gcc/arm-none-eabi/5.4.1/../../../../arm-none-eabi/lib/armv7e-m/softfp/libcr_nohost.a(__sys_close.o)
 .ARM.attributes
                0x000008bd       0x37 /usr/local/lpcxpresso_8.2.2_650/lpcxpresso/tools/bin/../lib/gcc/arm-none-eabi/5.4.1/../../../../arm-none-eabi/lib/armv7e-m/softfp/libcr_nohost.a(__sys_flen.o)
 .ARM.attributes
                0x000008f4       0x37 /usr/local/lpcxpresso_8.2.2_650/lpcxpresso/tools/bin/../lib/gcc/arm-none-eabi/5.4.1/../../../../arm-none-eabi/lib/armv7e-m/softfp/libcr_nohost.a(__sys_istty.o)
 .ARM.attributes
                0x0000092b       0x37 /usr/local/lpcxpresso_8.2.2_650/lpcxpresso/tools/bin/../lib/gcc/arm-none-eabi/5.4.1/../../../../arm-none-eabi/lib/armv7e-m/softfp/libcr_nohost.a(__sys_remove.o)
 .ARM.attributes
                0x00000962       0x37 /usr/local/lpcxpresso_8.2.2_650/lpcxpresso/tools/bin/../lib/gcc/arm-none-eabi/5.4.1/../../../../arm-none-eabi/lib/armv7e-m/softfp/libcr_nohost.a(__sys_seek.o)
 .ARM.attributes
                0x00000999       0x37 /usr/local/lpcxpresso_8.2.2_650/lpcxpresso/tools/bin/../lib/gcc/arm-none-eabi/5.4.1/../../../../arm-none-eabi/lib/armv7e-m/softfp/libcr_nohost.a(__sys_tmpnam.o)
 .ARM.attributes
                0x000009d0       0x37 /usr/local/lpcxpresso_8.2.2_650/lpcxpresso/tools/bin/../lib/gcc/arm-none-eabi/5.4.1/../../../../arm-none-eabi/lib/armv7e-m/softfp/libcr_nohost.a(__sys_write.o)

.debug_frame    0x00000000     0x1f08
 .debug_frame   0x00000000       0xb0 ./freertos/src/FreeRTOSCommonHooks.o
 .debug_frame   0x000000b0       0x58 ./freertos/src/heap_3.o
 .debug_frame   0x00000108       0xd8 ./freertos/src/list.o
 .debug_frame   0x000001e0      0x1a8 ./freertos/src/port.o
 .debug_frame   0x00000388      0x404 ./freertos/src/queue.o
 .debug_frame   0x0000078c       0x38 ./freertos/src/redlib_memfix.o
 .debug_frame   0x000007c4      0x6cc ./freertos/src/tasks.o
 .debug_frame   0x00000e90      0x174 ./example/src/button_timer.o
 .debug_frame   0x00001004      0x170 ./example/src/cr_startup_lpc43xx.o
 .debug_frame   0x00001174      0x4e8 ./example/src/keys.o
 .debug_frame   0x0000165c       0x34 ./example/src/sysinit.o
 .debug_frame   0x00001690       0xe4 /home/snorkman/LPCXpresso/borra/lpc_board_nxp_lpcxpresso_4337/Debug/liblpc_board_nxp_lpcxpresso_4337.a(board_sysinit.o)
 .debug_frame   0x00001774       0xa0 /home/snorkman/LPCXpresso/borra/lpc_chip_43xx/Debug/liblpc_chip_43xx.a(chip_18xx_43xx.o)
 .debug_frame   0x00001814      0x568 /home/snorkman/LPCXpresso/borra/lpc_chip_43xx/Debug/liblpc_chip_43xx.a(clock_18xx_43xx.o)
 .debug_frame   0x00001d7c       0x38 /home/snorkman/LPCXpresso/borra/lpc_chip_43xx/Debug/liblpc_chip_43xx.a(fpu_init.o)
 .debug_frame   0x00001db4       0x60 /home/snorkman/LPCXpresso/borra/lpc_chip_43xx/Debug/liblpc_chip_43xx.a(gpio_18xx_43xx.o)
 .debug_frame   0x00001e14       0xf4 /home/snorkman/LPCXpresso/borra/lpc_chip_43xx/Debug/liblpc_chip_43xx.a(sysinit_18xx_43xx.o)

.debug_macro    0x00000000     0x567f
 .debug_macro   0x00000000      0x310 /home/snorkman/LPCXpresso/borra/lpc_board_nxp_lpcxpresso_4337/Debug/liblpc_board_nxp_lpcxpresso_4337.a(board_sysinit.o)
 .debug_macro   0x00000310      0x89e /home/snorkman/LPCXpresso/borra/lpc_board_nxp_lpcxpresso_4337/Debug/liblpc_board_nxp_lpcxpresso_4337.a(board_sysinit.o)
 .debug_macro   0x00000bae       0x10 /home/snorkman/LPCXpresso/borra/lpc_board_nxp_lpcxpresso_4337/Debug/liblpc_board_nxp_lpcxpresso_4337.a(board_sysinit.o)
 .debug_macro   0x00000bbe       0x10 /home/snorkman/LPCXpresso/borra/lpc_board_nxp_lpcxpresso_4337/Debug/liblpc_board_nxp_lpcxpresso_4337.a(board_sysinit.o)
 .debug_macro   0x00000bce      0x12d /home/snorkman/LPCXpresso/borra/lpc_board_nxp_lpcxpresso_4337/Debug/liblpc_board_nxp_lpcxpresso_4337.a(board_sysinit.o)
 .debug_macro   0x00000cfb      0x5b2 /home/snorkman/LPCXpresso/borra/lpc_board_nxp_lpcxpresso_4337/Debug/liblpc_board_nxp_lpcxpresso_4337.a(board_sysinit.o)
 .debug_macro   0x000012ad       0x22 /home/snorkman/LPCXpresso/borra/lpc_board_nxp_lpcxpresso_4337/Debug/liblpc_board_nxp_lpcxpresso_4337.a(board_sysinit.o)
 .debug_macro   0x000012cf       0x7b /home/snorkman/LPCXpresso/borra/lpc_board_nxp_lpcxpresso_4337/Debug/liblpc_board_nxp_lpcxpresso_4337.a(board_sysinit.o)
 .debug_macro   0x0000134a       0x28 /home/snorkman/LPCXpresso/borra/lpc_board_nxp_lpcxpresso_4337/Debug/liblpc_board_nxp_lpcxpresso_4337.a(board_sysinit.o)
 .debug_macro   0x00001372       0x3b /home/snorkman/LPCXpresso/borra/lpc_board_nxp_lpcxpresso_4337/Debug/liblpc_board_nxp_lpcxpresso_4337.a(board_sysinit.o)
 .debug_macro   0x000013ad       0x2d /home/snorkman/LPCXpresso/borra/lpc_board_nxp_lpcxpresso_4337/Debug/liblpc_board_nxp_lpcxpresso_4337.a(board_sysinit.o)
 .debug_macro   0x000013da       0x42 /home/snorkman/LPCXpresso/borra/lpc_board_nxp_lpcxpresso_4337/Debug/liblpc_board_nxp_lpcxpresso_4337.a(board_sysinit.o)
 .debug_macro   0x0000141c      0xd39 /home/snorkman/LPCXpresso/borra/lpc_board_nxp_lpcxpresso_4337/Debug/liblpc_board_nxp_lpcxpresso_4337.a(board_sysinit.o)
 .debug_macro   0x00002155      0x2bc /home/snorkman/LPCXpresso/borra/lpc_board_nxp_lpcxpresso_4337/Debug/liblpc_board_nxp_lpcxpresso_4337.a(board_sysinit.o)
 .debug_macro   0x00002411      0x112 /home/snorkman/LPCXpresso/borra/lpc_board_nxp_lpcxpresso_4337/Debug/liblpc_board_nxp_lpcxpresso_4337.a(board_sysinit.o)
 .debug_macro   0x00002523       0x11 /home/snorkman/LPCXpresso/borra/lpc_board_nxp_lpcxpresso_4337/Debug/liblpc_board_nxp_lpcxpresso_4337.a(board_sysinit.o)
 .debug_macro   0x00002534       0x2a /home/snorkman/LPCXpresso/borra/lpc_board_nxp_lpcxpresso_4337/Debug/liblpc_board_nxp_lpcxpresso_4337.a(board_sysinit.o)
 .debug_macro   0x0000255e       0x16 /home/snorkman/LPCXpresso/borra/lpc_board_nxp_lpcxpresso_4337/Debug/liblpc_board_nxp_lpcxpresso_4337.a(board_sysinit.o)
 .debug_macro   0x00002574      0x2e6 /home/snorkman/LPCXpresso/borra/lpc_board_nxp_lpcxpresso_4337/Debug/liblpc_board_nxp_lpcxpresso_4337.a(board_sysinit.o)
 .debug_macro   0x0000285a       0x82 /home/snorkman/LPCXpresso/borra/lpc_board_nxp_lpcxpresso_4337/Debug/liblpc_board_nxp_lpcxpresso_4337.a(board_sysinit.o)
 .debug_macro   0x000028dc      0x13d /home/snorkman/LPCXpresso/borra/lpc_board_nxp_lpcxpresso_4337/Debug/liblpc_board_nxp_lpcxpresso_4337.a(board_sysinit.o)
 .debug_macro   0x00002a19      0x198 /home/snorkman/LPCXpresso/borra/lpc_board_nxp_lpcxpresso_4337/Debug/liblpc_board_nxp_lpcxpresso_4337.a(board_sysinit.o)
 .debug_macro   0x00002bb1       0x34 /home/snorkman/LPCXpresso/borra/lpc_board_nxp_lpcxpresso_4337/Debug/liblpc_board_nxp_lpcxpresso_4337.a(board_sysinit.o)
 .debug_macro   0x00002be5       0x58 /home/snorkman/LPCXpresso/borra/lpc_board_nxp_lpcxpresso_4337/Debug/liblpc_board_nxp_lpcxpresso_4337.a(board_sysinit.o)
 .debug_macro   0x00002c3d      0x236 /home/snorkman/LPCXpresso/borra/lpc_board_nxp_lpcxpresso_4337/Debug/liblpc_board_nxp_lpcxpresso_4337.a(board_sysinit.o)
 .debug_macro   0x00002e73      0x572 /home/snorkman/LPCXpresso/borra/lpc_board_nxp_lpcxpresso_4337/Debug/liblpc_board_nxp_lpcxpresso_4337.a(board_sysinit.o)
 .debug_macro   0x000033e5       0x16 /home/snorkman/LPCXpresso/borra/lpc_board_nxp_lpcxpresso_4337/Debug/liblpc_board_nxp_lpcxpresso_4337.a(board_sysinit.o)
 .debug_macro   0x000033fb      0x18a /home/snorkman/LPCXpresso/borra/lpc_board_nxp_lpcxpresso_4337/Debug/liblpc_board_nxp_lpcxpresso_4337.a(board_sysinit.o)
 .debug_macro   0x00003585       0x88 /home/snorkman/LPCXpresso/borra/lpc_board_nxp_lpcxpresso_4337/Debug/liblpc_board_nxp_lpcxpresso_4337.a(board_sysinit.o)
 .debug_macro   0x0000360d      0x1b9 /home/snorkman/LPCXpresso/borra/lpc_board_nxp_lpcxpresso_4337/Debug/liblpc_board_nxp_lpcxpresso_4337.a(board_sysinit.o)
 .debug_macro   0x000037c6      0x1da /home/snorkman/LPCXpresso/borra/lpc_board_nxp_lpcxpresso_4337/Debug/liblpc_board_nxp_lpcxpresso_4337.a(board_sysinit.o)
 .debug_macro   0x000039a0       0x40 /home/snorkman/LPCXpresso/borra/lpc_board_nxp_lpcxpresso_4337/Debug/liblpc_board_nxp_lpcxpresso_4337.a(board_sysinit.o)
 .debug_macro   0x000039e0       0x1c /home/snorkman/LPCXpresso/borra/lpc_board_nxp_lpcxpresso_4337/Debug/liblpc_board_nxp_lpcxpresso_4337.a(board_sysinit.o)
 .debug_macro   0x000039fc       0x2e /home/snorkman/LPCXpresso/borra/lpc_board_nxp_lpcxpresso_4337/Debug/liblpc_board_nxp_lpcxpresso_4337.a(board_sysinit.o)
 .debug_macro   0x00003a2a       0x2e /home/snorkman/LPCXpresso/borra/lpc_board_nxp_lpcxpresso_4337/Debug/liblpc_board_nxp_lpcxpresso_4337.a(board_sysinit.o)
 .debug_macro   0x00003a58       0x22 /home/snorkman/LPCXpresso/borra/lpc_board_nxp_lpcxpresso_4337/Debug/liblpc_board_nxp_lpcxpresso_4337.a(board_sysinit.o)
 .debug_macro   0x00003a7a      0x201 /home/snorkman/LPCXpresso/borra/lpc_board_nxp_lpcxpresso_4337/Debug/liblpc_board_nxp_lpcxpresso_4337.a(board_sysinit.o)
 .debug_macro   0x00003c7b       0xe0 /home/snorkman/LPCXpresso/borra/lpc_board_nxp_lpcxpresso_4337/Debug/liblpc_board_nxp_lpcxpresso_4337.a(board_sysinit.o)
 .debug_macro   0x00003d5b      0x34c /home/snorkman/LPCXpresso/borra/lpc_board_nxp_lpcxpresso_4337/Debug/liblpc_board_nxp_lpcxpresso_4337.a(board_sysinit.o)
 .debug_macro   0x000040a7       0xdc /home/snorkman/LPCXpresso/borra/lpc_board_nxp_lpcxpresso_4337/Debug/liblpc_board_nxp_lpcxpresso_4337.a(board_sysinit.o)
 .debug_macro   0x00004183       0xc4 /home/snorkman/LPCXpresso/borra/lpc_board_nxp_lpcxpresso_4337/Debug/liblpc_board_nxp_lpcxpresso_4337.a(board_sysinit.o)
 .debug_macro   0x00004247       0x94 /home/snorkman/LPCXpresso/borra/lpc_board_nxp_lpcxpresso_4337/Debug/liblpc_board_nxp_lpcxpresso_4337.a(board_sysinit.o)
 .debug_macro   0x000042db       0xb8 /home/snorkman/LPCXpresso/borra/lpc_board_nxp_lpcxpresso_4337/Debug/liblpc_board_nxp_lpcxpresso_4337.a(board_sysinit.o)
 .debug_macro   0x00004393       0x4c /home/snorkman/LPCXpresso/borra/lpc_board_nxp_lpcxpresso_4337/Debug/liblpc_board_nxp_lpcxpresso_4337.a(board_sysinit.o)
 .debug_macro   0x000043df       0x16 /home/snorkman/LPCXpresso/borra/lpc_board_nxp_lpcxpresso_4337/Debug/liblpc_board_nxp_lpcxpresso_4337.a(board_sysinit.o)
 .debug_macro   0x000043f5      0x328 /home/snorkman/LPCXpresso/borra/lpc_board_nxp_lpcxpresso_4337/Debug/liblpc_board_nxp_lpcxpresso_4337.a(board_sysinit.o)
 .debug_macro   0x0000471d       0x3a /home/snorkman/LPCXpresso/borra/lpc_board_nxp_lpcxpresso_4337/Debug/liblpc_board_nxp_lpcxpresso_4337.a(board_sysinit.o)
 .debug_macro   0x00004757       0xd0 /home/snorkman/LPCXpresso/borra/lpc_board_nxp_lpcxpresso_4337/Debug/liblpc_board_nxp_lpcxpresso_4337.a(board_sysinit.o)
 .debug_macro   0x00004827       0x18 /home/snorkman/LPCXpresso/borra/lpc_board_nxp_lpcxpresso_4337/Debug/liblpc_board_nxp_lpcxpresso_4337.a(board_sysinit.o)
 .debug_macro   0x0000483f       0x22 /home/snorkman/LPCXpresso/borra/lpc_board_nxp_lpcxpresso_4337/Debug/liblpc_board_nxp_lpcxpresso_4337.a(board_sysinit.o)
 .debug_macro   0x00004861       0x40 /home/snorkman/LPCXpresso/borra/lpc_board_nxp_lpcxpresso_4337/Debug/liblpc_board_nxp_lpcxpresso_4337.a(board_sysinit.o)
 .debug_macro   0x000048a1       0xf6 /home/snorkman/LPCXpresso/borra/lpc_board_nxp_lpcxpresso_4337/Debug/liblpc_board_nxp_lpcxpresso_4337.a(board_sysinit.o)
 .debug_macro   0x00004997       0x9a /home/snorkman/LPCXpresso/borra/lpc_board_nxp_lpcxpresso_4337/Debug/liblpc_board_nxp_lpcxpresso_4337.a(board_sysinit.o)
 .debug_macro   0x00004a31       0x20 /home/snorkman/LPCXpresso/borra/lpc_board_nxp_lpcxpresso_4337/Debug/liblpc_board_nxp_lpcxpresso_4337.a(board_sysinit.o)
 .debug_macro   0x00004a51      0x2da /home/snorkman/LPCXpresso/borra/lpc_chip_43xx/Debug/liblpc_chip_43xx.a(chip_18xx_43xx.o)
 .debug_macro   0x00004d2b      0x2e0 /home/snorkman/LPCXpresso/borra/lpc_chip_43xx/Debug/liblpc_chip_43xx.a(clock_18xx_43xx.o)
 .debug_macro   0x0000500b       0xc0 /home/snorkman/LPCXpresso/borra/lpc_chip_43xx/Debug/liblpc_chip_43xx.a(fpu_init.o)
 .debug_macro   0x000050cb      0x2da /home/snorkman/LPCXpresso/borra/lpc_chip_43xx/Debug/liblpc_chip_43xx.a(gpio_18xx_43xx.o)
 .debug_macro   0x000053a5      0x2da /home/snorkman/LPCXpresso/borra/lpc_chip_43xx/Debug/liblpc_chip_43xx.a(sysinit_18xx_43xx.o)
